

================================================================
== Vitis HLS Report for 'tpgBackground_Pipeline_VITIS_LOOP_565_2'
================================================================
* Date:           Tue Feb 20 09:49:22 2024

* Version:        2023.2 (Build 4023990 on Oct 11 2023)
* Project:        prj
* Solution:       sol (Vivado IP Flow Target)
* Product family: zynquplus
* Target device:  xczu4ev-sfvc784-1-e


================================================================
== Performance Estimates
================================================================
+ Timing: 
    * Summary: 
    +--------+----------+----------+------------+
    |  Clock |  Target  | Estimated| Uncertainty|
    +--------+----------+----------+------------+
    |ap_clk  |  13.75 ns|  8.802 ns|     3.71 ns|
    +--------+----------+----------+------------+

+ Latency: 
    * Summary: 
    +---------+---------+----------+----------+-----+-------+---------+
    |  Latency (cycles) |  Latency (absolute) |   Interval  | Pipeline|
    |   min   |   max   |    min   |    max   | min |  max  |   Type  |
    +---------+---------+----------+----------+-----+-------+---------+
    |       11|    65546|  0.151 us|  0.901 ms|   11|  65546|       no|
    +---------+---------+----------+----------+-----+-------+---------+

    + Detail: 
        * Instance: 
        +------------------------------+------------------+---------+---------+-----------+-----------+-----+-----+---------+
        |                              |                  |  Latency (cycles) |   Latency (absolute)  |  Interval | Pipeline|
        |           Instance           |      Module      |   min   |   max   |    min    |    max    | min | max |   Type  |
        +------------------------------+------------------+---------+---------+-----------+-----------+-----+-----+---------+
        |grp_reg_ap_uint_10_s_fu_1909  |reg_ap_uint_10_s  |        1|        1|  13.750 ns|  13.750 ns|    1|    1|      yes|
        |grp_reg_int_s_fu_2528         |reg_int_s         |        1|        1|  13.750 ns|  13.750 ns|    1|    1|      yes|
        +------------------------------+------------------+---------+---------+-----------+-----------+-----+-----+---------+

        * Loop: 
        +--------------------+---------+---------+----------+-----------+-----------+-----------+----------+
        |                    |  Latency (cycles) | Iteration|  Initiation Interval  |    Trip   |          |
        |      Loop Name     |   min   |   max   |  Latency |  achieved |   target  |   Count   | Pipelined|
        +--------------------+---------+---------+----------+-----------+-----------+-----------+----------+
        |- VITIS_LOOP_565_2  |        9|    65544|        10|          1|          1|  0 ~ 65535|       yes|
        +--------------------+---------+---------+----------+-----------+-----------+-----------+----------+



================================================================
== Utilization Estimates
================================================================
* Summary: 
+-----------------+---------+-----+--------+-------+-----+
|       Name      | BRAM_18K| DSP |   FF   |  LUT  | URAM|
+-----------------+---------+-----+--------+-------+-----+
|DSP              |        -|    9|       -|      -|    -|
|Expression       |        -|    -|       0|   2080|    -|
|FIFO             |        -|    -|       -|      -|    -|
|Instance         |        -|    1|      54|     39|    -|
|Memory           |        5|    -|     166|     30|    -|
|Multiplexer      |        -|    -|       -|   1374|    -|
|Register         |        -|    -|    2227|    704|    -|
+-----------------+---------+-----+--------+-------+-----+
|Total            |        5|   10|    2447|   4227|    0|
+-----------------+---------+-----+--------+-------+-----+
|Available        |      256|  728|  175680|  87840|   48|
+-----------------+---------+-----+--------+-------+-----+
|Utilization (%)  |        1|    1|       1|      4|    0|
+-----------------+---------+-----+--------+-------+-----+

+ Detail: 
    * Instance: 
    +------------------------------+--------------------+---------+----+----+----+-----+
    |           Instance           |       Module       | BRAM_18K| DSP| FF | LUT| URAM|
    +------------------------------+--------------------+---------+----+----+----+-----+
    |mul_20s_9ns_28_1_1_U100       |mul_20s_9ns_28_1_1  |        0|   1|   0|  11|    0|
    |grp_reg_ap_uint_10_s_fu_1909  |reg_ap_uint_10_s    |        0|   0|  21|  14|    0|
    |grp_reg_int_s_fu_2528         |reg_int_s           |        0|   0|  33|  14|    0|
    +------------------------------+--------------------+---------+----+----+----+-----+
    |Total                         |                    |        0|   1|  54|  39|    0|
    +------------------------------+--------------------+---------+----+----+----+-----+

    * DSP: 
    +-------------------------------------+--------------------------------+----------------+
    |               Instance              |             Module             |   Expression   |
    +-------------------------------------+--------------------------------+----------------+
    |am_addmul_16ns_1s_16ns_17_4_1_U101   |am_addmul_16ns_1s_16ns_17_4_1   |  (i0 + i1) * i0|
    |mac_muladd_16s_16s_16ns_16_4_1_U109  |mac_muladd_16s_16s_16ns_16_4_1  |    i0 + i1 * i2|
    |mac_muladd_8ns_5ns_16ns_17_4_1_U108  |mac_muladd_8ns_5ns_16ns_17_4_1  |    i0 + i1 * i2|
    |mac_muladd_8ns_6s_15ns_16_4_1_U105   |mac_muladd_8ns_6s_15ns_16_4_1   |    i0 + i1 * i2|
    |mac_muladd_8ns_7ns_13ns_15_4_1_U102  |mac_muladd_8ns_7ns_13ns_15_4_1  |    i0 * i1 + i2|
    |mac_muladd_8ns_7s_16s_16_4_1_U103    |mac_muladd_8ns_7s_16s_16_4_1    |    i0 * i1 + i2|
    |mac_muladd_8ns_8ns_15ns_16_4_1_U106  |mac_muladd_8ns_8ns_15ns_16_4_1  |    i0 * i1 + i2|
    |mac_muladd_8ns_8s_16s_16_4_1_U104    |mac_muladd_8ns_8s_16s_16_4_1    |    i0 * i1 + i2|
    |mac_muladd_8ns_8s_16s_16_4_1_U107    |mac_muladd_8ns_8s_16s_16_4_1    |    i0 + i1 * i2|
    +-------------------------------------+--------------------------------+----------------+

    * Memory: 
    +-------------------------+---------------------------------------------------------------------------+---------+---+----+-----+------+-----+------+-------------+
    |          Memory         |                                   Module                                  | BRAM_18K| FF| LUT| URAM| Words| Bits| Banks| W*Bits*Banks|
    +-------------------------+---------------------------------------------------------------------------+---------+---+----+-----+------+-----+------+-------------+
    |DPtpgBarArray_U          |tpgBackground_Pipeline_VITIS_LOOP_565_2_DPtpgBarArray_ROM_AUTO_1R          |        0|  3|   1|    0|    16|    3|     1|           48|
    |DPtpgBarSelRgb_CEA_b_U   |tpgBackground_Pipeline_VITIS_LOOP_565_2_DPtpgBarSelRgb_CEA_b_ROM_AUTO_1R   |        0|  6|   1|    0|     8|    6|     1|           48|
    |DPtpgBarSelRgb_CEA_g_U   |tpgBackground_Pipeline_VITIS_LOOP_565_2_DPtpgBarSelRgb_CEA_g_ROM_AUTO_1R   |        0|  6|   1|    0|     8|    6|     1|           48|
    |DPtpgBarSelRgb_CEA_r_U   |tpgBackground_Pipeline_VITIS_LOOP_565_2_DPtpgBarSelRgb_CEA_r_ROM_AUTO_1R   |        0|  6|   1|    0|     8|    6|     1|           48|
    |DPtpgBarSelYuv_601_u_U   |tpgBackground_Pipeline_VITIS_LOOP_565_2_DPtpgBarSelYuv_601_u_ROM_AUTO_1R   |        0|  8|   1|    0|     8|    8|     1|           64|
    |DPtpgBarSelYuv_601_v_U   |tpgBackground_Pipeline_VITIS_LOOP_565_2_DPtpgBarSelYuv_601_v_ROM_AUTO_1R   |        0|  8|   1|    0|     8|    8|     1|           64|
    |DPtpgBarSelYuv_601_y_U   |tpgBackground_Pipeline_VITIS_LOOP_565_2_DPtpgBarSelYuv_601_y_ROM_AUTO_1R   |        0|  8|   1|    0|     8|    8|     1|           64|
    |DPtpgBarSelYuv_709_u_U   |tpgBackground_Pipeline_VITIS_LOOP_565_2_DPtpgBarSelYuv_709_u_ROM_AUTO_1R   |        0|  8|   1|    0|     8|    8|     1|           64|
    |DPtpgBarSelYuv_709_v_U   |tpgBackground_Pipeline_VITIS_LOOP_565_2_DPtpgBarSelYuv_709_v_ROM_AUTO_1R   |        0|  8|   1|    0|     8|    8|     1|           64|
    |DPtpgBarSelYuv_709_y_U   |tpgBackground_Pipeline_VITIS_LOOP_565_2_DPtpgBarSelYuv_709_y_ROM_AUTO_1R   |        0|  8|   1|    0|     8|    8|     1|           64|
    |blkYuv_U                 |tpgBackground_Pipeline_VITIS_LOOP_565_2_blkYuv_ROM_AUTO_1R                 |        0|  8|   1|    0|     3|    8|     1|           24|
    |blkYuv_1_U               |tpgBackground_Pipeline_VITIS_LOOP_565_2_blkYuv_ROM_AUTO_1R                 |        0|  8|   1|    0|     3|    8|     1|           24|
    |bluYuv_U                 |tpgBackground_Pipeline_VITIS_LOOP_565_2_bluYuv_ROM_AUTO_1R                 |        0|  8|   1|    0|     3|    8|     1|           24|
    |grnYuv_U                 |tpgBackground_Pipeline_VITIS_LOOP_565_2_grnYuv_ROM_AUTO_1R                 |        0|  8|   1|    0|     3|    8|     1|           24|
    |redYuv_U                 |tpgBackground_Pipeline_VITIS_LOOP_565_2_redYuv_ROM_AUTO_1R                 |        0|  8|   1|    0|     3|    8|     1|           24|
    |tpgBarSelRgb_b_U         |tpgBackground_Pipeline_VITIS_LOOP_565_2_tpgBarSelRgb_b_ROM_AUTO_1R         |        0|  2|   1|    0|     8|    2|     1|           16|
    |DPtpgBarSelRgb_VESA_b_U  |tpgBackground_Pipeline_VITIS_LOOP_565_2_tpgBarSelRgb_b_ROM_AUTO_1R         |        0|  2|   1|    0|     8|    2|     1|           16|
    |tpgBarSelRgb_g_U         |tpgBackground_Pipeline_VITIS_LOOP_565_2_tpgBarSelRgb_g_ROM_AUTO_1R         |        0|  2|   1|    0|     8|    2|     1|           16|
    |DPtpgBarSelRgb_VESA_g_U  |tpgBackground_Pipeline_VITIS_LOOP_565_2_tpgBarSelRgb_g_ROM_AUTO_1R         |        0|  2|   1|    0|     8|    2|     1|           16|
    |tpgBarSelRgb_r_U         |tpgBackground_Pipeline_VITIS_LOOP_565_2_tpgBarSelRgb_r_ROM_AUTO_1R         |        0|  2|   1|    0|     8|    2|     1|           16|
    |DPtpgBarSelRgb_VESA_r_U  |tpgBackground_Pipeline_VITIS_LOOP_565_2_tpgBarSelRgb_r_ROM_AUTO_1R         |        0|  2|   1|    0|     8|    2|     1|           16|
    |tpgBarSelYuv_u_U         |tpgBackground_Pipeline_VITIS_LOOP_565_2_tpgBarSelYuv_u_ROM_AUTO_1R         |        0|  8|   1|    0|     8|    8|     1|           64|
    |tpgBarSelYuv_v_U         |tpgBackground_Pipeline_VITIS_LOOP_565_2_tpgBarSelYuv_v_ROM_AUTO_1R         |        0|  8|   1|    0|     8|    8|     1|           64|
    |tpgBarSelYuv_y_U         |tpgBackground_Pipeline_VITIS_LOOP_565_2_tpgBarSelYuv_y_ROM_AUTO_1R         |        0|  8|   1|    0|     8|    8|     1|           64|
    |tpgCheckerBoardArray_U   |tpgBackground_Pipeline_VITIS_LOOP_565_2_tpgCheckerBoardArray_ROM_AUTO_1R   |        0|  2|   1|    0|    32|    2|     1|           64|
    |tpgSinTableArray_9bit_U  |tpgBackground_Pipeline_VITIS_LOOP_565_2_tpgSinTableArray_9bit_ROM_AUTO_1R  |        2|  0|   0|    0|  2048|    9|     1|        18432|
    |tpgSinTableArray_U       |tpgBackground_Pipeline_VITIS_LOOP_565_2_tpgSinTableArray_ROM_AUTO_1R       |        3|  0|   0|    0|  2048|   20|     1|        40960|
    |tpgTartanBarArray_U      |tpgBackground_Pipeline_VITIS_LOOP_565_2_tpgTartanBarArray_ROM_AUTO_1R      |        0|  3|   3|    0|    64|    3|     1|          192|
    |whiYuv_U                 |tpgBackground_Pipeline_VITIS_LOOP_565_2_whiYuv_ROM_AUTO_1R                 |        0|  8|   1|    0|     3|    8|     1|           24|
    |whiYuv_1_U               |tpgBackground_Pipeline_VITIS_LOOP_565_2_whiYuv_ROM_AUTO_1R                 |        0|  8|   1|    0|     3|    8|     1|           24|
    +-------------------------+---------------------------------------------------------------------------+---------+---+----+-----+------+-----+------+-------------+
    |Total                    |                                                                           |        5|166|  30|    0|  4373|  195|    30|        60680|
    +-------------------------+---------------------------------------------------------------------------+---------+---+----+-----+------+-----+------+-------------+

    * FIFO: 
    N/A

    * Expression: 
    +-------------------------------------------+----------+----+---+----+------------+------------+
    |               Variable Name               | Operation| DSP| FF| LUT| Bitwidth P0| Bitwidth P1|
    +-------------------------------------------+----------+----+---+----+------------+------------+
    |add_ln1084_fu_4192_p2                      |         +|   0|  0|  15|           8|           1|
    |add_ln1101_fu_3419_p2                      |         +|   0|  0|  15|           8|           1|
    |add_ln1250_fu_2463_p2                      |         +|   0|  0|  19|          12|           1|
    |add_ln1257_fu_3172_p2                      |         +|   0|  0|  10|           3|           1|
    |add_ln1281_fu_2197_p2                      |         +|   0|  0|  16|           9|           8|
    |add_ln1285_1_fu_2223_p2                    |         +|   0|  0|  16|           9|           8|
    |add_ln1285_fu_1887_p2                      |         +|   0|  0|  18|          11|          10|
    |add_ln1289_1_fu_2249_p2                    |         +|   0|  0|  16|           9|           8|
    |add_ln1289_fu_1898_p2                      |         +|   0|  0|  18|          11|          11|
    |add_ln1303_2_fu_2843_p2                    |         +|   0|  0|  24|          17|          17|
    |add_ln1304_2_fu_2577_p2                    |         +|   0|  0|  24|          17|          17|
    |add_ln1304_3_fu_2573_p2                    |         +|   0|  0|  23|          16|          16|
    |add_ln1341_fu_2945_p2                      |         +|   0|  0|  23|          16|          16|
    |add_ln1343_fu_2957_p2                      |         +|   0|  0|  23|          16|          16|
    |add_ln1388_fu_2411_p2                      |         +|   0|  0|  17|          10|           1|
    |add_ln1393_fu_2881_p2                      |         +|   0|  0|  10|           3|           1|
    |add_ln1407_fu_2443_p2                      |         +|   0|  0|  17|          10|           1|
    |add_ln1412_fu_2909_p2                      |         +|   0|  0|  10|           3|           1|
    |add_ln1449_fu_1921_p2                      |         +|   0|  0|  24|          17|           2|
    |add_ln1461_fu_2305_p2                      |         +|   0|  0|  17|          10|           1|
    |add_ln1480_fu_2375_p2                      |         +|   0|  0|  17|          10|           1|
    |add_ln1533_fu_3928_p2                      |         +|   0|  0|  15|           8|           8|
    |add_ln1545_fu_3946_p2                      |         +|   0|  0|  15|           8|           1|
    |add_ln1570_fu_2153_p2                      |         +|   0|  0|  17|          10|           1|
    |add_ln1575_fu_2774_p2                      |         +|   0|  0|  15|           8|           1|
    |add_ln1588_fu_2185_p2                      |         +|   0|  0|  17|          10|           1|
    |add_ln1593_fu_2798_p2                      |         +|   0|  0|  10|           3|           1|
    |add_ln1664_fu_3642_p2                      |         +|   0|  0|  23|          16|           1|
    |add_ln1753_fu_2117_p2                      |         +|   0|  0|  13|           6|           1|
    |add_ln1770_fu_2748_p2                      |         +|   0|  0|  13|           6|           1|
    |add_ln1774_fu_2714_p2                      |         +|   0|  0|  17|          10|           7|
    |add_ln1775_fu_2726_p2                      |         +|   0|  0|  10|           3|           1|
    |add_ln565_fu_1812_p2                       |         +|   0|  0|  23|          16|           1|
    |add_ln570_fu_3004_p2                       |         +|   0|  0|  23|          16|          16|
    |grp_fu_4380_p2                             |         +|   0|  0|  23|          16|          16|
    |outpix_31_fu_4090_p2                       |         +|   0|  0|  15|           8|           8|
    |sub35_i_fu_1949_p2                         |         +|   0|  0|  24|          17|           2|
    |sub_ln1256_fu_2478_p2                      |         -|   0|  0|  18|          11|          11|
    |sub_ln1356_1_fu_4066_p2                    |         -|   0|  0|  15|           1|           8|
    |sub_ln1356_fu_4050_p2                      |         -|   0|  0|  34|           1|          27|
    |sub_ln1411_fu_2432_p2                      |         -|   0|  0|  17|          10|          10|
    |sub_ln1490_fu_2357_p2                      |         -|   0|  0|  17|          10|          10|
    |sub_ln1592_fu_2174_p2                      |         -|   0|  0|  17|          10|          10|
    |and_ln1235_fu_4134_p2                      |       and|   0|  0|   2|           1|           1|
    |and_ln1337_fu_2009_p2                      |       and|   0|  0|   2|           1|           1|
    |and_ln1369_fu_4004_p2                      |       and|   0|  0|   2|           1|           1|
    |and_ln1386_fu_2400_p2                      |       and|   0|  0|   2|           1|           1|
    |and_ln1449_fu_1933_p2                      |       and|   0|  0|   2|           1|           1|
    |and_ln1454_fu_2300_p2                      |       and|   0|  0|   2|           1|           1|
    |and_ln1551_fu_3904_p2                      |       and|   0|  0|   2|           1|           1|
    |and_ln1568_fu_2142_p2                      |       and|   0|  0|   2|           1|           1|
    |and_ln1661_fu_3629_p2                      |       and|   0|  0|   2|           1|           1|
    |and_ln1751_fu_2106_p2                      |       and|   0|  0|   2|           1|           1|
    |and_ln1801_fu_3487_p2                      |       and|   0|  0|   2|           1|           1|
    |and_ln1862_fu_3806_p2                      |       and|   0|  0|   2|           1|           1|
    |and_ln736_1_fu_2073_p2                     |       and|   0|  0|   2|           1|           1|
    |and_ln736_fu_2067_p2                       |       and|   0|  0|   2|           1|           1|
    |ap_block_state10_pp0_stage0_iter9          |       and|   0|  0|   2|           1|           1|
    |ap_block_state8_pp0_stage0_iter7           |       and|   0|  0|   2|           1|           1|
    |ap_condition_1362                          |       and|   0|  0|   2|           1|           1|
    |ap_condition_1374                          |       and|   0|  0|   2|           1|           1|
    |ap_condition_1608                          |       and|   0|  0|   2|           1|           1|
    |ap_condition_1610                          |       and|   0|  0|   2|           1|           1|
    |ap_condition_2144                          |       and|   0|  0|   2|           1|           1|
    |ap_condition_3915                          |       and|   0|  0|   2|           1|           1|
    |ap_condition_3934                          |       and|   0|  0|   2|           1|           1|
    |ap_condition_3937                          |       and|   0|  0|   2|           1|           1|
    |ap_condition_3942                          |       and|   0|  0|   2|           1|           1|
    |ap_condition_3946                          |       and|   0|  0|   2|           1|           1|
    |ap_condition_3949                          |       and|   0|  0|   2|           1|           1|
    |ap_condition_3954                          |       and|   0|  0|   2|           1|           1|
    |ap_condition_3959                          |       and|   0|  0|   2|           1|           1|
    |ap_condition_3964                          |       and|   0|  0|   2|           1|           1|
    |ap_condition_3969                          |       and|   0|  0|   2|           1|           1|
    |ap_condition_3976                          |       and|   0|  0|   2|           1|           1|
    |ap_condition_3980                          |       and|   0|  0|   2|           1|           1|
    |ap_condition_3983                          |       and|   0|  0|   2|           1|           1|
    |ap_condition_3989                          |       and|   0|  0|   2|           1|           1|
    |ap_condition_3994                          |       and|   0|  0|   2|           1|           1|
    |ap_condition_3997                          |       and|   0|  0|   2|           1|           1|
    |ap_condition_4004                          |       and|   0|  0|   2|           1|           1|
    |ap_condition_4009                          |       and|   0|  0|   2|           1|           1|
    |ap_condition_4014                          |       and|   0|  0|   2|           1|           1|
    |ap_condition_4020                          |       and|   0|  0|   2|           1|           1|
    |ap_condition_4025                          |       and|   0|  0|   2|           1|           1|
    |ap_condition_4030                          |       and|   0|  0|   2|           1|           1|
    |ap_condition_4036                          |       and|   0|  0|   2|           1|           1|
    |ap_condition_4041                          |       and|   0|  0|   2|           1|           1|
    |ap_condition_4046                          |       and|   0|  0|   2|           1|           1|
    |ap_predicate_op116_call_state1             |       and|   0|  0|   2|           1|           1|
    |ap_predicate_op302_call_state4             |       and|   0|  0|   2|           1|           1|
    |ap_predicate_op507_read_state8             |       and|   0|  0|   2|           1|           1|
    |ap_predicate_pred1389_state7               |       and|   0|  0|   2|           1|           1|
    |ap_predicate_pred1393_state7               |       and|   0|  0|   2|           1|           1|
    |ap_predicate_pred1410_state7               |       and|   0|  0|   2|           1|           1|
    |ap_predicate_pred1414_state7               |       and|   0|  0|   2|           1|           1|
    |ap_predicate_pred1431_state7               |       and|   0|  0|   2|           1|           1|
    |ap_predicate_pred1435_state7               |       and|   0|  0|   2|           1|           1|
    |ap_predicate_pred1452_state7               |       and|   0|  0|   2|           1|           1|
    |ap_predicate_pred1456_state7               |       and|   0|  0|   2|           1|           1|
    |ap_predicate_pred1473_state7               |       and|   0|  0|   2|           1|           1|
    |ap_predicate_pred1477_state7               |       and|   0|  0|   2|           1|           1|
    |ap_predicate_pred1578_state9               |       and|   0|  0|   2|           1|           1|
    |ap_predicate_pred1582_state9               |       and|   0|  0|   2|           1|           1|
    |ap_predicate_pred1586_state9               |       and|   0|  0|   2|           1|           1|
    |ap_predicate_pred1590_state9               |       and|   0|  0|   2|           1|           1|
    |ap_predicate_pred1594_state9               |       and|   0|  0|   2|           1|           1|
    |ap_predicate_pred1598_state9               |       and|   0|  0|   2|           1|           1|
    |ap_predicate_pred1602_state9               |       and|   0|  0|   2|           1|           1|
    |ap_predicate_pred1622_state7               |       and|   0|  0|   2|           1|           1|
    |ap_predicate_pred1626_state7               |       and|   0|  0|   2|           1|           1|
    |ap_predicate_pred1630_state7               |       and|   0|  0|   2|           1|           1|
    |ap_predicate_pred1634_state7               |       and|   0|  0|   2|           1|           1|
    |ap_predicate_pred1638_state7               |       and|   0|  0|   2|           1|           1|
    |ap_predicate_pred1642_state7               |       and|   0|  0|   2|           1|           1|
    |ap_predicate_pred1647_state9               |       and|   0|  0|   2|           1|           1|
    |ap_predicate_pred1651_state9               |       and|   0|  0|   2|           1|           1|
    |ap_predicate_pred1656_state9               |       and|   0|  0|   2|           1|           1|
    |ap_predicate_pred1663_state9               |       and|   0|  0|   2|           1|           1|
    |ap_predicate_pred1668_state9               |       and|   0|  0|   2|           1|           1|
    |ap_predicate_pred1675_state9               |       and|   0|  0|   2|           1|           1|
    |ap_predicate_pred1680_state9               |       and|   0|  0|   2|           1|           1|
    |ap_predicate_pred1684_state9               |       and|   0|  0|   2|           1|           1|
    |ap_predicate_pred1689_state9               |       and|   0|  0|   2|           1|           1|
    |ap_predicate_pred1695_state9               |       and|   0|  0|   2|           1|           1|
    |ap_predicate_pred1701_state9               |       and|   0|  0|   2|           1|           1|
    |ap_predicate_pred1706_state9               |       and|   0|  0|   2|           1|           1|
    |ap_predicate_pred1711_state9               |       and|   0|  0|   2|           1|           1|
    |ap_predicate_pred1715_state9               |       and|   0|  0|   2|           1|           1|
    |ap_predicate_pred1719_state9               |       and|   0|  0|   2|           1|           1|
    |ap_predicate_pred1723_state9               |       and|   0|  0|   2|           1|           1|
    |ap_predicate_pred1733_state9               |       and|   0|  0|   2|           1|           1|
    |ap_predicate_pred1737_state9               |       and|   0|  0|   2|           1|           1|
    |ap_predicate_pred1741_state9               |       and|   0|  0|   2|           1|           1|
    |ap_predicate_pred1746_state9               |       and|   0|  0|   2|           1|           1|
    |ap_predicate_pred1849_state8               |       and|   0|  0|   2|           1|           1|
    |ap_predicate_pred1850_state8               |       and|   0|  0|   2|           1|           1|
    |ap_predicate_pred1854_state8               |       and|   0|  0|   2|           1|           1|
    |ap_predicate_pred1876_state8               |       and|   0|  0|   2|           1|           1|
    |ap_predicate_pred1877_state8               |       and|   0|  0|   2|           1|           1|
    |ap_predicate_pred1881_state8               |       and|   0|  0|   2|           1|           1|
    |ap_predicate_pred1894_state8               |       and|   0|  0|   2|           1|           1|
    |ap_predicate_pred1895_state8               |       and|   0|  0|   2|           1|           1|
    |ap_predicate_pred1899_state8               |       and|   0|  0|   2|           1|           1|
    |ap_predicate_pred1951_state8               |       and|   0|  0|   2|           1|           1|
    |ap_predicate_pred1957_state8               |       and|   0|  0|   2|           1|           1|
    |ap_predicate_pred1976_state7               |       and|   0|  0|   2|           1|           1|
    |ap_predicate_pred1982_state7               |       and|   0|  0|   2|           1|           1|
    |ap_predicate_pred2000_state6               |       and|   0|  0|   2|           1|           1|
    |ap_predicate_pred2006_state6               |       and|   0|  0|   2|           1|           1|
    |ap_predicate_pred2024_state6               |       and|   0|  0|   2|           1|           1|
    |ap_predicate_pred2028_state6               |       and|   0|  0|   2|           1|           1|
    |ap_predicate_pred2034_state6               |       and|   0|  0|   2|           1|           1|
    |ap_predicate_pred2050_state6               |       and|   0|  0|   2|           1|           1|
    |ap_predicate_pred2072_state6               |       and|   0|  0|   2|           1|           1|
    |ap_predicate_pred2076_state6               |       and|   0|  0|   2|           1|           1|
    |ap_predicate_pred2082_state6               |       and|   0|  0|   2|           1|           1|
    |ap_predicate_pred2096_state6               |       and|   0|  0|   2|           1|           1|
    |ap_predicate_pred2122_state6               |       and|   0|  0|   2|           1|           1|
    |ap_predicate_pred2128_state6               |       and|   0|  0|   2|           1|           1|
    |ap_predicate_pred2140_state6               |       and|   0|  0|   2|           1|           1|
    |ap_predicate_pred2147_state6               |       and|   0|  0|   2|           1|           1|
    |ap_predicate_pred2192_state5               |       and|   0|  0|   2|           1|           1|
    |ap_predicate_pred2203_state5               |       and|   0|  0|   2|           1|           1|
    |ap_predicate_pred2248_state5               |       and|   0|  0|   2|           1|           1|
    |ap_predicate_pred2308_state5               |       and|   0|  0|   2|           1|           1|
    |ap_predicate_pred2351_state5               |       and|   0|  0|   2|           1|           1|
    |ap_predicate_pred2369_state5               |       and|   0|  0|   2|           1|           1|
    |ap_predicate_pred2408_state5               |       and|   0|  0|   2|           1|           1|
    |ap_predicate_pred528_state7                |       and|   0|  0|   2|           1|           1|
    |ap_predicate_pred533_state7                |       and|   0|  0|   2|           1|           1|
    |ap_predicate_pred543_state9                |       and|   0|  0|   2|           1|           1|
    |ap_predicate_pred549_state9                |       and|   0|  0|   2|           1|           1|
    |ap_predicate_pred556_state9                |       and|   0|  0|   2|           1|           1|
    |cmp121_i_fu_1848_p2                        |      icmp|   0|  0|  15|           8|           1|
    |cmp136_i_fu_3482_p2                        |      icmp|   0|  0|  15|           8|           1|
    |cmp54_i_fu_1842_p2                         |      icmp|   0|  0|  15|           8|           1|
    |grp_fu_1700_p2                             |      icmp|   0|  0|  15|           8|           1|
    |grp_fu_1705_p2                             |      icmp|   0|  0|  15|           8|           1|
    |icmp_ln1072_fu_1818_p2                     |      icmp|   0|  0|  23|          16|           1|
    |icmp_ln1095_fu_2031_p2                     |      icmp|   0|  0|  23|          16|           1|
    |icmp_ln1250_fu_2469_p2                     |      icmp|   0|  0|  19|          12|          12|
    |icmp_ln1330_fu_2003_p2                     |      icmp|   0|  0|  23|          16|           1|
    |icmp_ln1381_fu_1979_p2                     |      icmp|   0|  0|  23|          16|           1|
    |icmp_ln1386_fu_2395_p2                     |      icmp|   0|  0|  18|          11|          11|
    |icmp_ln1405_fu_2427_p2                     |      icmp|   0|  0|  17|          10|          10|
    |icmp_ln1449_1_fu_1927_p2                   |      icmp|   0|  0|  24|          17|          17|
    |icmp_ln1449_fu_1915_p2                     |      icmp|   0|  0|  23|          16|           1|
    |icmp_ln1454_fu_2295_p2                     |      icmp|   0|  0|  18|          11|          11|
    |icmp_ln1473_fu_1955_p2                     |      icmp|   0|  0|  24|          17|          17|
    |icmp_ln1478_fu_2345_p2                     |      icmp|   0|  0|  17|          10|          10|
    |icmp_ln1483_fu_2351_p2                     |      icmp|   0|  0|  17|          10|          10|
    |icmp_ln1563_fu_1860_p2                     |      icmp|   0|  0|  23|          16|           1|
    |icmp_ln1568_fu_2137_p2                     |      icmp|   0|  0|  18|          11|          11|
    |icmp_ln1586_fu_2169_p2                     |      icmp|   0|  0|  17|          10|          10|
    |icmp_ln1629_fu_3554_p2                     |      icmp|   0|  0|  15|           8|           1|
    |icmp_ln1637_1_fu_3577_p2                   |      icmp|   0|  0|  10|           2|           3|
    |icmp_ln1637_2_fu_3596_p2                   |      icmp|   0|  0|   9|           2|           1|
    |icmp_ln1637_fu_3572_p2                     |      icmp|   0|  0|   9|           2|           1|
    |icmp_ln1746_fu_1830_p2                     |      icmp|   0|  0|  23|          16|           1|
    |icmp_ln1751_fu_2100_p2                     |      icmp|   0|  0|  13|           6|           2|
    |icmp_ln1768_fu_2708_p2                     |      icmp|   0|  0|  17|          10|           6|
    |icmp_ln565_fu_1806_p2                      |      icmp|   0|  0|  23|          16|          16|
    |icmp_ln736_1_fu_2043_p2                    |      icmp|   0|  0|  23|          16|          16|
    |icmp_ln736_2_fu_2055_p2                    |      icmp|   0|  0|  23|          16|          16|
    |icmp_ln736_fu_2037_p2                      |      icmp|   0|  0|  23|          16|          16|
    |ap_block_pp0_stage0_01001                  |        or|   0|  0|   2|           1|           1|
    |ap_block_pp0_stage0_11001_ignoreCallOp116  |        or|   0|  0|   2|           1|           1|
    |ap_block_pp0_stage0_11001_ignoreCallOp302  |        or|   0|  0|   2|           1|           1|
    |or_ln1095_fu_2025_p2                       |        or|   0|  0|  16|          16|          16|
    |or_ln1235_fu_4140_p2                       |        or|   0|  0|   2|           1|           1|
    |or_ln1330_fu_1997_p2                       |        or|   0|  0|  16|          16|          16|
    |or_ln1369_fu_4010_p2                       |        or|   0|  0|   2|           1|           1|
    |or_ln1381_fu_1973_p2                       |        or|   0|  0|  16|          16|          16|
    |or_ln1415_fu_3140_p2                       |        or|   0|  0|   6|           6|           6|
    |or_ln1494_fu_2499_p2                       |        or|   0|  0|   2|           1|           1|
    |or_ln1551_fu_3910_p2                       |        or|   0|  0|   2|           1|           1|
    |or_ln1563_fu_1854_p2                       |        or|   0|  0|  16|          16|          16|
    |or_ln1637_1_fu_3601_p2                     |        or|   0|  0|   2|           1|           1|
    |or_ln1637_2_fu_3615_p2                     |        or|   0|  0|   2|           1|           1|
    |or_ln1637_fu_3582_p2                       |        or|   0|  0|   2|           1|           1|
    |or_ln1746_fu_1824_p2                       |        or|   0|  0|  16|          16|          16|
    |or_ln1778_fu_3033_p2                       |        or|   0|  0|   4|           4|           4|
    |or_ln736_fu_2085_p2                        |        or|   0|  0|   2|           1|           1|
    |tBarSel_fu_3068_p2                         |        or|   0|  0|   5|           5|           5|
    |b_1_fu_2601_p3                             |    select|   0|  0|   8|           1|           2|
    |b_3_fu_2609_p3                             |    select|   0|  0|   8|           1|           8|
    |b_fu_2267_p3                               |    select|   0|  0|   8|           1|           2|
    |g_1_fu_2867_p3                             |    select|   0|  0|   8|           1|           2|
    |g_2_fu_2875_p3                             |    select|   0|  0|   8|           1|           8|
    |g_fu_2241_p3                               |    select|   0|  0|   8|           1|           2|
    |grp_fu_1693_p3                             |    select|   0|  0|   3|           1|           3|
    |outpix_15_fu_4179_p3                       |    select|   0|  0|   8|           1|           8|
    |outpix_16_fu_4185_p3                       |    select|   0|  0|   8|           1|           8|
    |outpix_17_fu_4158_p3                       |    select|   0|  0|   8|           1|           8|
    |outpix_20_fu_3932_p3                       |    select|   0|  0|   8|           1|           8|
    |outpix_21_fu_3939_p3                       |    select|   0|  0|   8|           1|           8|
    |outpix_23_fu_3847_p3                       |    select|   0|  0|   8|           1|           8|
    |outpix_26_fu_3634_p3                       |    select|   0|  0|   8|           1|           8|
    |outpix_30_fu_4172_p3                       |    select|   0|  0|   8|           1|           8|
    |outpix_32_fu_4096_p3                       |    select|   0|  0|   8|           1|           8|
    |outpix_33_fu_4110_p3                       |    select|   0|  0|   8|           1|           8|
    |outpix_34_fu_4146_p3                       |    select|   0|  0|   8|           1|           8|
    |outpix_35_fu_3980_p3                       |    select|   0|  0|   8|           1|           8|
    |outpix_36_fu_4016_p3                       |    select|   0|  0|   8|           1|           8|
    |outpix_37_fu_3880_p3                       |    select|   0|  0|   8|           1|           8|
    |outpix_38_fu_3916_p3                       |    select|   0|  0|   8|           1|           8|
    |outpix_42_fu_4245_p3                       |    select|   0|  0|   8|           1|           8|
    |outpix_43_fu_4238_p3                       |    select|   0|  0|   8|           1|           8|
    |outpix_44_fu_4231_p3                       |    select|   0|  0|   8|           1|           8|
    |pix_11_fu_3501_p3                          |    select|   0|  0|   8|           1|           8|
    |pix_14_fu_3493_p3                          |    select|   0|  0|   8|           1|           8|
    |r_1_fu_3098_p3                             |    select|   0|  0|   8|           1|           2|
    |r_3_fu_3106_p3                             |    select|   0|  0|   8|           1|           8|
    |r_fu_2215_p3                               |    select|   0|  0|   8|           1|           2|
    |select_ln1144_fu_3253_p3                   |    select|   0|  0|   3|           1|           3|
    |select_ln1165_fu_3242_p3                   |    select|   0|  0|   3|           1|           3|
    |select_ln1186_fu_3231_p3                   |    select|   0|  0|   3|           1|           3|
    |select_ln1207_fu_3220_p3                   |    select|   0|  0|   3|           1|           3|
    |select_ln1228_fu_3209_p3                   |    select|   0|  0|   3|           1|           3|
    |select_ln1262_fu_4121_p3                   |    select|   0|  0|   8|           1|           8|
    |select_ln1356_fu_4082_p3                   |    select|   0|  0|   8|           1|           8|
    |select_ln1422_fu_3991_p3                   |    select|   0|  0|   8|           1|           8|
    |select_ln1603_fu_3891_p3                   |    select|   0|  0|   8|           1|           8|
    |select_ln1629_fu_3560_p3                   |    select|   0|  0|  16|           1|           1|
    |select_ln552_1_fu_3536_p3                  |    select|   0|  0|   2|           1|           2|
    |sext_ln552_cast_fu_1751_p3                 |    select|   0|  0|   2|           1|           2|
    |tmp_22_fu_3607_p3                          |    select|   0|  0|   8|           1|           1|
    |tmp_25_fu_3621_p3                          |    select|   0|  0|   8|           1|           1|
    |tmp_26_fu_3588_p3                          |    select|   0|  0|   8|           1|           1|
    |ap_enable_pp0                              |       xor|   0|  0|   2|           1|           2|
    |xor_ln1235_fu_4128_p2                      |       xor|   0|  0|   2|           1|           2|
    |xor_ln1369_fu_3998_p2                      |       xor|   0|  0|   2|           1|           2|
    |xor_ln1551_fu_3898_p2                      |       xor|   0|  0|   2|           1|           2|
    |xor_ln1758_fu_2672_p2                      |       xor|   0|  0|   2|           1|           2|
    |xor_ln1839_fu_3702_p2                      |       xor|   0|  0|   2|           1|           1|
    |xor_ln1846_fu_3738_p2                      |       xor|   0|  0|   2|           1|           1|
    |xor_ln1853_fu_3774_p2                      |       xor|   0|  0|   2|           1|           1|
    |xor_ln736_1_fu_2049_p2                     |       xor|   0|  0|   2|           1|           2|
    |xor_ln736_2_fu_2061_p2                     |       xor|   0|  0|   2|           1|           2|
    |xor_ln736_fu_2079_p2                       |       xor|   0|  0|   2|           2|           1|
    +-------------------------------------------+----------+----+---+----+------------+------------+
    |Total                                      |          |   0|  0|2080|        1088|        1000|
    +-------------------------------------------+----------+----+---+----+------------+------------+

    * Multiplexer: 
    +------------------------------------------+-----+-----------+-----+-----------+
    |                   Name                   | LUT | Input Size| Bits| Total Bits|
    +------------------------------------------+-----+-----------+-----+-----------+
    |ap_done_int                               |    9|          2|    1|          2|
    |ap_loop_exit_ready_pp0_iter9_reg          |    9|          2|    1|          2|
    |ap_phi_mux_outpix_39_phi_fu_1579_p74      |    9|          2|    8|         16|
    |ap_phi_mux_outpix_40_phi_fu_1491_p74      |    9|          2|    8|         16|
    |ap_phi_mux_outpix_41_phi_fu_1410_p74      |    9|          2|    8|         16|
    |ap_phi_mux_outpix_45_phi_fu_1686_p4       |   14|          3|    8|         24|
    |ap_phi_mux_outpix_46_phi_fu_1676_p4       |   14|          3|    8|         24|
    |ap_phi_mux_outpix_47_phi_fu_1666_p4       |   14|          3|    8|         24|
    |ap_phi_reg_pp0_iter1_hHatch_reg_1308      |    9|          2|    1|          2|
    |ap_phi_reg_pp0_iter2_hHatch_reg_1308      |   14|          3|    1|          3|
    |ap_phi_reg_pp0_iter3_outpix_39_reg_1574   |   14|          3|    8|         24|
    |ap_phi_reg_pp0_iter3_outpix_40_reg_1486   |   14|          3|    8|         24|
    |ap_phi_reg_pp0_iter3_outpix_41_reg_1407   |   14|          3|    8|         24|
    |ap_phi_reg_pp0_iter3_phi_ln1504_reg_1341  |    9|          2|    2|          4|
    |ap_phi_reg_pp0_iter3_phi_ln1519_reg_1330  |    9|          2|    2|          4|
    |ap_phi_reg_pp0_iter7_outpix_39_reg_1574   |   37|          7|    8|         56|
    |ap_phi_reg_pp0_iter7_outpix_40_reg_1486   |   26|          5|    8|         40|
    |ap_phi_reg_pp0_iter7_outpix_41_reg_1407   |   37|          7|    8|         56|
    |ap_phi_reg_pp0_iter7_phi_ln1144_reg_1396  |   14|          3|    2|          6|
    |ap_phi_reg_pp0_iter7_phi_ln1165_reg_1385  |   14|          3|    2|          6|
    |ap_phi_reg_pp0_iter7_phi_ln1186_reg_1374  |   14|          3|    2|          6|
    |ap_phi_reg_pp0_iter7_phi_ln1207_reg_1363  |   14|          3|    2|          6|
    |ap_phi_reg_pp0_iter7_phi_ln1228_reg_1352  |   14|          3|    2|          6|
    |ap_phi_reg_pp0_iter7_phi_ln1504_reg_1341  |    9|          2|    2|          4|
    |ap_phi_reg_pp0_iter7_phi_ln1519_reg_1330  |    9|          2|    2|          4|
    |ap_phi_reg_pp0_iter9_outpix_39_reg_1574   |  113|         22|    8|        176|
    |ap_phi_reg_pp0_iter9_outpix_40_reg_1486   |  120|         24|    8|        192|
    |ap_phi_reg_pp0_iter9_outpix_41_reg_1407   |  116|         23|    8|        184|
    |ap_sig_allocacmp_x_3                      |    9|          2|   16|         32|
    |bckgndYUV_blk_n                           |    9|          2|    1|          2|
    |hBarSel_0                                 |   14|          3|    3|          9|
    |hBarSel_0_loc_1_out_o                     |   14|          3|    8|         24|
    |hBarSel_3_0                               |   14|          3|    3|          9|
    |hBarSel_3_0_loc_1_out_o                   |   14|          3|    8|         24|
    |hBarSel_4_0                               |   14|          3|    8|         24|
    |hBarSel_4_0_loc_1_out_o                   |   14|          3|    8|         24|
    |hBarSel_5_0                               |   14|          3|    3|          9|
    |hBarSel_5_0_loc_1_out_o                   |   14|          3|    8|         24|
    |hdata_flag_1_fu_486                       |    9|          2|    1|          2|
    |hdata_loc_1_out_o                         |    9|          2|   16|         32|
    |outpix_1_fu_494                           |    9|          2|    8|         16|
    |outpix_4_fu_498                           |    9|          2|    8|         16|
    |outpix_5_fu_502                           |    9|          2|    8|         16|
    |p_0_0_010244_out_o                        |    9|          2|    8|         16|
    |p_0_0_0248_out_o                          |    9|          2|    8|         16|
    |p_0_0_09246_out_o                         |    9|          2|    8|         16|
    |phi_mul_fu_474                            |    9|          2|   16|         32|
    |rampVal                                   |   14|          3|    8|         24|
    |rampVal_2_flag_1_fu_482                   |    9|          2|    1|          2|
    |rampVal_2_loc_1_out_o                     |    9|          2|   16|         32|
    |rampVal_3_flag_1_fu_490                   |    9|          2|    1|          2|
    |rampVal_3_loc_1_out_o                     |    9|          2|   16|         32|
    |rampVal_loc_1_out_o                       |   14|          3|   16|         48|
    |srcYUV_blk_n                              |    9|          2|    1|          2|
    |tpgBarSelRgb_b_address0                   |   20|          4|    3|         12|
    |tpgBarSelRgb_g_address0                   |   20|          4|    3|         12|
    |tpgBarSelRgb_r_address0                   |   20|          4|    3|         12|
    |tpgBarSelYuv_u_address0                   |   20|          4|    3|         12|
    |tpgBarSelYuv_v_address0                   |   20|          4|    3|         12|
    |tpgBarSelYuv_y_address0                   |   20|          4|    3|         12|
    |vBarSel                                   |   14|          3|    3|          9|
    |vBarSel_1                                 |   14|          3|    1|          3|
    |vBarSel_2                                 |   14|          3|    8|         24|
    |vBarSel_2_loc_1_out_o                     |   14|          3|    8|         24|
    |vBarSel_3_loc_1_out_o                     |   14|          3|    8|         24|
    |vBarSel_loc_1_out_o                       |   14|          3|    8|         24|
    |xBar_0                                    |   14|          3|   11|         33|
    |xCount_0                                  |   14|          3|   10|         30|
    |xCount_3_0                                |   14|          3|   10|         30|
    |xCount_4_0                                |   26|          5|   10|         50|
    |xCount_5_0                                |   14|          3|   10|         30|
    |x_fu_478                                  |    9|          2|   16|         32|
    |yCount                                    |   14|          3|   10|         30|
    |yCount_1                                  |   14|          3|    6|         18|
    |yCount_2                                  |    9|          2|   10|         20|
    |yCount_3                                  |   14|          3|   10|         30|
    |zonePlateVAddr                            |   14|          3|   16|         48|
    |zonePlateVAddr_loc_1_out_o                |   14|          3|   16|         48|
    |zonePlateVDelta                           |    9|          2|   16|         32|
    +------------------------------------------+-----+-----------+-----+-----------+
    |Total                                     | 1374|        286|  553|       2047|
    +------------------------------------------+-----+-----------+-----+-----------+

    * Register: 
    +---------------------------------------------+----+----+-----+-----------+
    |                     Name                    | FF | LUT| Bits| Const Bits|
    +---------------------------------------------+----+----+-----+-----------+
    |and_ln1337_reg_4693                          |   1|   0|    1|          0|
    |and_ln1386_reg_4772                          |   1|   0|    1|          0|
    |and_ln1449_reg_4677                          |   1|   0|    1|          0|
    |and_ln1568_reg_4717                          |   1|   0|    1|          0|
    |and_ln1751_reg_4713                          |   1|   0|    1|          0|
    |ap_CS_fsm                                    |   1|   0|    1|          0|
    |ap_done_reg                                  |   1|   0|    1|          0|
    |ap_enable_reg_pp0_iter1                      |   1|   0|    1|          0|
    |ap_enable_reg_pp0_iter2                      |   1|   0|    1|          0|
    |ap_enable_reg_pp0_iter3                      |   1|   0|    1|          0|
    |ap_enable_reg_pp0_iter4                      |   1|   0|    1|          0|
    |ap_enable_reg_pp0_iter5                      |   1|   0|    1|          0|
    |ap_enable_reg_pp0_iter6                      |   1|   0|    1|          0|
    |ap_enable_reg_pp0_iter7                      |   1|   0|    1|          0|
    |ap_enable_reg_pp0_iter8                      |   1|   0|    1|          0|
    |ap_enable_reg_pp0_iter9                      |   1|   0|    1|          0|
    |ap_loop_exit_ready_pp0_iter1_reg             |   1|   0|    1|          0|
    |ap_loop_exit_ready_pp0_iter2_reg             |   1|   0|    1|          0|
    |ap_loop_exit_ready_pp0_iter3_reg             |   1|   0|    1|          0|
    |ap_loop_exit_ready_pp0_iter4_reg             |   1|   0|    1|          0|
    |ap_loop_exit_ready_pp0_iter5_reg             |   1|   0|    1|          0|
    |ap_loop_exit_ready_pp0_iter6_reg             |   1|   0|    1|          0|
    |ap_loop_exit_ready_pp0_iter7_reg             |   1|   0|    1|          0|
    |ap_loop_exit_ready_pp0_iter8_reg             |   1|   0|    1|          0|
    |ap_loop_exit_ready_pp0_iter9_reg             |   1|   0|    1|          0|
    |ap_phi_reg_pp0_iter1_hHatch_reg_1308         |   1|   0|    1|          0|
    |ap_phi_reg_pp0_iter1_outpix_39_reg_1574      |   8|   0|    8|          0|
    |ap_phi_reg_pp0_iter1_outpix_40_reg_1486      |   8|   0|    8|          0|
    |ap_phi_reg_pp0_iter1_outpix_41_reg_1407      |   8|   0|    8|          0|
    |ap_phi_reg_pp0_iter1_phi_ln1144_reg_1396     |   2|   0|    2|          0|
    |ap_phi_reg_pp0_iter1_phi_ln1165_reg_1385     |   2|   0|    2|          0|
    |ap_phi_reg_pp0_iter1_phi_ln1186_reg_1374     |   2|   0|    2|          0|
    |ap_phi_reg_pp0_iter1_phi_ln1207_reg_1363     |   2|   0|    2|          0|
    |ap_phi_reg_pp0_iter1_phi_ln1228_reg_1352     |   2|   0|    2|          0|
    |ap_phi_reg_pp0_iter1_phi_ln1504_reg_1341     |   2|   0|    2|          0|
    |ap_phi_reg_pp0_iter1_phi_ln1519_reg_1330     |   2|   0|    2|          0|
    |ap_phi_reg_pp0_iter2_hHatch_reg_1308         |   1|   0|    1|          0|
    |ap_phi_reg_pp0_iter2_outpix_39_reg_1574      |   8|   0|    8|          0|
    |ap_phi_reg_pp0_iter2_outpix_40_reg_1486      |   8|   0|    8|          0|
    |ap_phi_reg_pp0_iter2_outpix_41_reg_1407      |   8|   0|    8|          0|
    |ap_phi_reg_pp0_iter2_phi_ln1144_reg_1396     |   2|   0|    2|          0|
    |ap_phi_reg_pp0_iter2_phi_ln1165_reg_1385     |   2|   0|    2|          0|
    |ap_phi_reg_pp0_iter2_phi_ln1186_reg_1374     |   2|   0|    2|          0|
    |ap_phi_reg_pp0_iter2_phi_ln1207_reg_1363     |   2|   0|    2|          0|
    |ap_phi_reg_pp0_iter2_phi_ln1228_reg_1352     |   2|   0|    2|          0|
    |ap_phi_reg_pp0_iter2_phi_ln1504_reg_1341     |   2|   0|    2|          0|
    |ap_phi_reg_pp0_iter2_phi_ln1519_reg_1330     |   2|   0|    2|          0|
    |ap_phi_reg_pp0_iter3_outpix_39_reg_1574      |   8|   0|    8|          0|
    |ap_phi_reg_pp0_iter3_outpix_40_reg_1486      |   8|   0|    8|          0|
    |ap_phi_reg_pp0_iter3_outpix_41_reg_1407      |   8|   0|    8|          0|
    |ap_phi_reg_pp0_iter3_phi_ln1144_reg_1396     |   2|   0|    2|          0|
    |ap_phi_reg_pp0_iter3_phi_ln1165_reg_1385     |   2|   0|    2|          0|
    |ap_phi_reg_pp0_iter3_phi_ln1186_reg_1374     |   2|   0|    2|          0|
    |ap_phi_reg_pp0_iter3_phi_ln1207_reg_1363     |   2|   0|    2|          0|
    |ap_phi_reg_pp0_iter3_phi_ln1228_reg_1352     |   2|   0|    2|          0|
    |ap_phi_reg_pp0_iter3_phi_ln1504_reg_1341     |   2|   0|    2|          0|
    |ap_phi_reg_pp0_iter3_phi_ln1519_reg_1330     |   2|   0|    2|          0|
    |ap_phi_reg_pp0_iter4_outpix_39_reg_1574      |   8|   0|    8|          0|
    |ap_phi_reg_pp0_iter4_outpix_40_reg_1486      |   8|   0|    8|          0|
    |ap_phi_reg_pp0_iter4_outpix_41_reg_1407      |   8|   0|    8|          0|
    |ap_phi_reg_pp0_iter4_phi_ln1144_reg_1396     |   2|   0|    2|          0|
    |ap_phi_reg_pp0_iter4_phi_ln1165_reg_1385     |   2|   0|    2|          0|
    |ap_phi_reg_pp0_iter4_phi_ln1186_reg_1374     |   2|   0|    2|          0|
    |ap_phi_reg_pp0_iter4_phi_ln1207_reg_1363     |   2|   0|    2|          0|
    |ap_phi_reg_pp0_iter4_phi_ln1228_reg_1352     |   2|   0|    2|          0|
    |ap_phi_reg_pp0_iter4_phi_ln1504_reg_1341     |   2|   0|    2|          0|
    |ap_phi_reg_pp0_iter4_phi_ln1519_reg_1330     |   2|   0|    2|          0|
    |ap_phi_reg_pp0_iter5_outpix_39_reg_1574      |   8|   0|    8|          0|
    |ap_phi_reg_pp0_iter5_outpix_40_reg_1486      |   8|   0|    8|          0|
    |ap_phi_reg_pp0_iter5_outpix_41_reg_1407      |   8|   0|    8|          0|
    |ap_phi_reg_pp0_iter5_phi_ln1144_reg_1396     |   2|   0|    2|          0|
    |ap_phi_reg_pp0_iter5_phi_ln1165_reg_1385     |   2|   0|    2|          0|
    |ap_phi_reg_pp0_iter5_phi_ln1186_reg_1374     |   2|   0|    2|          0|
    |ap_phi_reg_pp0_iter5_phi_ln1207_reg_1363     |   2|   0|    2|          0|
    |ap_phi_reg_pp0_iter5_phi_ln1228_reg_1352     |   2|   0|    2|          0|
    |ap_phi_reg_pp0_iter5_phi_ln1504_reg_1341     |   2|   0|    2|          0|
    |ap_phi_reg_pp0_iter5_phi_ln1519_reg_1330     |   2|   0|    2|          0|
    |ap_phi_reg_pp0_iter6_outpix_39_reg_1574      |   8|   0|    8|          0|
    |ap_phi_reg_pp0_iter6_outpix_40_reg_1486      |   8|   0|    8|          0|
    |ap_phi_reg_pp0_iter6_outpix_41_reg_1407      |   8|   0|    8|          0|
    |ap_phi_reg_pp0_iter6_phi_ln1144_reg_1396     |   2|   0|    2|          0|
    |ap_phi_reg_pp0_iter6_phi_ln1165_reg_1385     |   2|   0|    2|          0|
    |ap_phi_reg_pp0_iter6_phi_ln1186_reg_1374     |   2|   0|    2|          0|
    |ap_phi_reg_pp0_iter6_phi_ln1207_reg_1363     |   2|   0|    2|          0|
    |ap_phi_reg_pp0_iter6_phi_ln1228_reg_1352     |   2|   0|    2|          0|
    |ap_phi_reg_pp0_iter6_phi_ln1504_reg_1341     |   2|   0|    2|          0|
    |ap_phi_reg_pp0_iter6_phi_ln1519_reg_1330     |   2|   0|    2|          0|
    |ap_phi_reg_pp0_iter7_outpix_39_reg_1574      |   8|   0|    8|          0|
    |ap_phi_reg_pp0_iter7_outpix_40_reg_1486      |   8|   0|    8|          0|
    |ap_phi_reg_pp0_iter7_outpix_41_reg_1407      |   8|   0|    8|          0|
    |ap_phi_reg_pp0_iter7_phi_ln1144_reg_1396     |   2|   0|    2|          0|
    |ap_phi_reg_pp0_iter7_phi_ln1165_reg_1385     |   2|   0|    2|          0|
    |ap_phi_reg_pp0_iter7_phi_ln1186_reg_1374     |   2|   0|    2|          0|
    |ap_phi_reg_pp0_iter7_phi_ln1207_reg_1363     |   2|   0|    2|          0|
    |ap_phi_reg_pp0_iter7_phi_ln1228_reg_1352     |   2|   0|    2|          0|
    |ap_phi_reg_pp0_iter7_phi_ln1504_reg_1341     |   2|   0|    2|          0|
    |ap_phi_reg_pp0_iter7_phi_ln1519_reg_1330     |   2|   0|    2|          0|
    |ap_phi_reg_pp0_iter8_outpix_39_reg_1574      |   8|   0|    8|          0|
    |ap_phi_reg_pp0_iter8_outpix_40_reg_1486      |   8|   0|    8|          0|
    |ap_phi_reg_pp0_iter8_outpix_41_reg_1407      |   8|   0|    8|          0|
    |ap_phi_reg_pp0_iter9_outpix_39_reg_1574      |   8|   0|    8|          0|
    |ap_phi_reg_pp0_iter9_outpix_40_reg_1486      |   8|   0|    8|          0|
    |ap_phi_reg_pp0_iter9_outpix_41_reg_1407      |   8|   0|    8|          0|
    |ap_predicate_pred1389_state7                 |   1|   0|    1|          0|
    |ap_predicate_pred1393_state7                 |   1|   0|    1|          0|
    |ap_predicate_pred1410_state7                 |   1|   0|    1|          0|
    |ap_predicate_pred1414_state7                 |   1|   0|    1|          0|
    |ap_predicate_pred1431_state7                 |   1|   0|    1|          0|
    |ap_predicate_pred1435_state7                 |   1|   0|    1|          0|
    |ap_predicate_pred1452_state7                 |   1|   0|    1|          0|
    |ap_predicate_pred1456_state7                 |   1|   0|    1|          0|
    |ap_predicate_pred1473_state7                 |   1|   0|    1|          0|
    |ap_predicate_pred1477_state7                 |   1|   0|    1|          0|
    |ap_predicate_pred1578_state9                 |   1|   0|    1|          0|
    |ap_predicate_pred1582_state9                 |   1|   0|    1|          0|
    |ap_predicate_pred1586_state9                 |   1|   0|    1|          0|
    |ap_predicate_pred1590_state9                 |   1|   0|    1|          0|
    |ap_predicate_pred1594_state9                 |   1|   0|    1|          0|
    |ap_predicate_pred1598_state9                 |   1|   0|    1|          0|
    |ap_predicate_pred1602_state9                 |   1|   0|    1|          0|
    |ap_predicate_pred1622_state7                 |   1|   0|    1|          0|
    |ap_predicate_pred1626_state7                 |   1|   0|    1|          0|
    |ap_predicate_pred1630_state7                 |   1|   0|    1|          0|
    |ap_predicate_pred1634_state7                 |   1|   0|    1|          0|
    |ap_predicate_pred1638_state7                 |   1|   0|    1|          0|
    |ap_predicate_pred1642_state7                 |   1|   0|    1|          0|
    |ap_predicate_pred1647_state9                 |   1|   0|    1|          0|
    |ap_predicate_pred1651_state9                 |   1|   0|    1|          0|
    |ap_predicate_pred1656_state9                 |   1|   0|    1|          0|
    |ap_predicate_pred1663_state9                 |   1|   0|    1|          0|
    |ap_predicate_pred1668_state9                 |   1|   0|    1|          0|
    |ap_predicate_pred1675_state9                 |   1|   0|    1|          0|
    |ap_predicate_pred1680_state9                 |   1|   0|    1|          0|
    |ap_predicate_pred1684_state9                 |   1|   0|    1|          0|
    |ap_predicate_pred1689_state9                 |   1|   0|    1|          0|
    |ap_predicate_pred1695_state9                 |   1|   0|    1|          0|
    |ap_predicate_pred1701_state9                 |   1|   0|    1|          0|
    |ap_predicate_pred1706_state9                 |   1|   0|    1|          0|
    |ap_predicate_pred1711_state9                 |   1|   0|    1|          0|
    |ap_predicate_pred1715_state9                 |   1|   0|    1|          0|
    |ap_predicate_pred1719_state9                 |   1|   0|    1|          0|
    |ap_predicate_pred1723_state9                 |   1|   0|    1|          0|
    |ap_predicate_pred1733_state9                 |   1|   0|    1|          0|
    |ap_predicate_pred1737_state9                 |   1|   0|    1|          0|
    |ap_predicate_pred1741_state9                 |   1|   0|    1|          0|
    |ap_predicate_pred1746_state9                 |   1|   0|    1|          0|
    |ap_predicate_pred1849_state8                 |   1|   0|    1|          0|
    |ap_predicate_pred1850_state8                 |   1|   0|    1|          0|
    |ap_predicate_pred1854_state8                 |   1|   0|    1|          0|
    |ap_predicate_pred1876_state8                 |   1|   0|    1|          0|
    |ap_predicate_pred1877_state8                 |   1|   0|    1|          0|
    |ap_predicate_pred1881_state8                 |   1|   0|    1|          0|
    |ap_predicate_pred1894_state8                 |   1|   0|    1|          0|
    |ap_predicate_pred1895_state8                 |   1|   0|    1|          0|
    |ap_predicate_pred1899_state8                 |   1|   0|    1|          0|
    |ap_predicate_pred1951_state8                 |   1|   0|    1|          0|
    |ap_predicate_pred1957_state8                 |   1|   0|    1|          0|
    |ap_predicate_pred1976_state7                 |   1|   0|    1|          0|
    |ap_predicate_pred1982_state7                 |   1|   0|    1|          0|
    |ap_predicate_pred2000_state6                 |   1|   0|    1|          0|
    |ap_predicate_pred2006_state6                 |   1|   0|    1|          0|
    |ap_predicate_pred2024_state6                 |   1|   0|    1|          0|
    |ap_predicate_pred2028_state6                 |   1|   0|    1|          0|
    |ap_predicate_pred2034_state6                 |   1|   0|    1|          0|
    |ap_predicate_pred2050_state6                 |   1|   0|    1|          0|
    |ap_predicate_pred2072_state6                 |   1|   0|    1|          0|
    |ap_predicate_pred2076_state6                 |   1|   0|    1|          0|
    |ap_predicate_pred2082_state6                 |   1|   0|    1|          0|
    |ap_predicate_pred2096_state6                 |   1|   0|    1|          0|
    |ap_predicate_pred2122_state6                 |   1|   0|    1|          0|
    |ap_predicate_pred2128_state6                 |   1|   0|    1|          0|
    |ap_predicate_pred2140_state6                 |   1|   0|    1|          0|
    |ap_predicate_pred2147_state6                 |   1|   0|    1|          0|
    |ap_predicate_pred2192_state5                 |   1|   0|    1|          0|
    |ap_predicate_pred2203_state5                 |   1|   0|    1|          0|
    |ap_predicate_pred2248_state5                 |   1|   0|    1|          0|
    |ap_predicate_pred2308_state5                 |   1|   0|    1|          0|
    |ap_predicate_pred2351_state5                 |   1|   0|    1|          0|
    |ap_predicate_pred2369_state5                 |   1|   0|    1|          0|
    |ap_predicate_pred2408_state5                 |   1|   0|    1|          0|
    |ap_predicate_pred528_state7                  |   1|   0|    1|          0|
    |ap_predicate_pred533_state7                  |   1|   0|    1|          0|
    |ap_predicate_pred543_state9                  |   1|   0|    1|          0|
    |ap_predicate_pred549_state9                  |   1|   0|    1|          0|
    |ap_predicate_pred556_state9                  |   1|   0|    1|          0|
    |bSerie                                       |  28|   0|   28|          0|
    |b_3_reg_4808                                 |   8|   0|    8|          0|
    |b_3_reg_4808_pp0_iter5_reg                   |   8|   0|    8|          0|
    |b_reg_4736                                   |   8|   0|    8|          0|
    |barWidth_cast_cast_reg_4581                  |  11|   0|   12|          1|
    |cmp121_i_reg_4650                            |   1|   0|    1|          0|
    |cmp54_i_reg_4646                             |   1|   0|    1|          0|
    |gSerie                                       |  28|   0|   28|          0|
    |g_2_reg_4829                                 |   8|   0|    8|          0|
    |g_reg_4731                                   |   8|   0|    8|          0|
    |hdata_flag_1_fu_486                          |   1|   0|    1|          0|
    |icmp_ln1072_reg_4632                         |   1|   0|    1|          0|
    |icmp_ln1095_reg_4702                         |   1|   0|    1|          0|
    |icmp_ln1250_reg_4780                         |   1|   0|    1|          0|
    |icmp_ln1330_reg_4689                         |   1|   0|    1|          0|
    |icmp_ln1381_reg_4685                         |   1|   0|    1|          0|
    |icmp_ln1405_reg_4776                         |   1|   0|    1|          0|
    |icmp_ln1449_reg_4673                         |   1|   0|    1|          0|
    |icmp_ln1473_reg_4681                         |   1|   0|    1|          0|
    |icmp_ln1563_reg_4654                         |   1|   0|    1|          0|
    |icmp_ln1586_reg_4721                         |   1|   0|    1|          0|
    |icmp_ln1746_reg_4642                         |   1|   0|    1|          0|
    |icmp_ln565_reg_4628                          |   1|   0|    1|          0|
    |or_ln1494_reg_4784                           |   1|   0|    1|          0|
    |or_ln736_reg_4706                            |   1|   0|    1|          0|
    |outpix_12_reg_5093                           |   8|   0|    8|          0|
    |outpix_13_reg_5087                           |   8|   0|    8|          0|
    |outpix_14_reg_5081                           |   8|   0|    8|          0|
    |outpix_1_fu_494                              |   8|   0|    8|          0|
    |outpix_4_fu_498                              |   8|   0|    8|          0|
    |outpix_5_fu_502                              |   8|   0|    8|          0|
    |phi_mul_fu_474                               |  16|   0|   16|          0|
    |rSerie                                       |  28|   0|   28|          0|
    |r_reg_4725                                   |   8|   0|    8|          0|
    |rampVal_2_flag_1_fu_482                      |   1|   0|    1|          0|
    |rampVal_3_flag_1_fu_490                      |   1|   0|    1|          0|
    |select_ln552_1_cast_cast_cast_cast_reg_4591  |   5|   0|    8|          3|
    |select_ln552_cast_reg_4603                   |   5|   0|    8|          3|
    |sext_ln552_cast_reg_4597                     |   8|   0|    8|          0|
    |vHatch                                       |   1|   0|    1|          0|
    |xBar_0                                       |  11|   0|   11|          0|
    |xCount_0                                     |  10|   0|   10|          0|
    |xCount_3_0                                   |  10|   0|   10|          0|
    |xCount_4_0                                   |  10|   0|   10|          0|
    |xCount_5_0                                   |  10|   0|   10|          0|
    |x_3_reg_4609                                 |  16|   0|   16|          0|
    |x_fu_478                                     |  16|   0|   16|          0|
    |yCount                                       |  10|   0|   10|          0|
    |yCount_1                                     |   6|   0|    6|          0|
    |yCount_2                                     |  10|   0|   10|          0|
    |yCount_3                                     |  10|   0|   10|          0|
    |zext_ln1084_cast_reg_4586                    |   8|   0|   16|          8|
    |zext_ln1302_1_reg_4749                       |   8|   0|   16|          8|
    |zonePlateVDelta                              |  16|   0|   16|          0|
    |and_ln1337_reg_4693                          |  64|  32|    1|          0|
    |and_ln1386_reg_4772                          |  64|  32|    1|          0|
    |and_ln1568_reg_4717                          |  64|  32|    1|          0|
    |and_ln1751_reg_4713                          |  64|  32|    1|          0|
    |b_reg_4736                                   |  64|  32|    8|          0|
    |cmp121_i_reg_4650                            |  64|  32|    1|          0|
    |cmp54_i_reg_4646                             |  64|  32|    1|          0|
    |g_reg_4731                                   |  64|  32|    8|          0|
    |icmp_ln1072_reg_4632                         |  64|  32|    1|          0|
    |icmp_ln1095_reg_4702                         |  64|  32|    1|          0|
    |icmp_ln1250_reg_4780                         |  64|  32|    1|          0|
    |icmp_ln1330_reg_4689                         |  64|  32|    1|          0|
    |icmp_ln1381_reg_4685                         |  64|  32|    1|          0|
    |icmp_ln1405_reg_4776                         |  64|  32|    1|          0|
    |icmp_ln1563_reg_4654                         |  64|  32|    1|          0|
    |icmp_ln1586_reg_4721                         |  64|  32|    1|          0|
    |icmp_ln1746_reg_4642                         |  64|  32|    1|          0|
    |icmp_ln565_reg_4628                          |  64|  32|    1|          0|
    |or_ln1494_reg_4784                           |  64|  32|    1|          0|
    |or_ln736_reg_4706                            |  64|  32|    1|          0|
    |r_reg_4725                                   |  64|  32|    8|          0|
    |x_3_reg_4609                                 |  64|  32|   16|          0|
    +---------------------------------------------+----+----+-----+-----------+
    |Total                                        |2227| 704|  900|         23|
    +---------------------------------------------+----+----+-----+-----------+



================================================================
== Interface
================================================================
* Summary: 
+-----------------------------------+-----+-----+------------+-----------------------------------------+--------------+
|             RTL Ports             | Dir | Bits|  Protocol  |              Source Object              |    C Type    |
+-----------------------------------+-----+-----+------------+-----------------------------------------+--------------+
|ap_clk                             |   in|    1|  ap_ctrl_hs|  tpgBackground_Pipeline_VITIS_LOOP_565_2|  return value|
|ap_rst                             |   in|    1|  ap_ctrl_hs|  tpgBackground_Pipeline_VITIS_LOOP_565_2|  return value|
|ap_start                           |   in|    1|  ap_ctrl_hs|  tpgBackground_Pipeline_VITIS_LOOP_565_2|  return value|
|ap_done                            |  out|    1|  ap_ctrl_hs|  tpgBackground_Pipeline_VITIS_LOOP_565_2|  return value|
|ap_idle                            |  out|    1|  ap_ctrl_hs|  tpgBackground_Pipeline_VITIS_LOOP_565_2|  return value|
|ap_ready                           |  out|    1|  ap_ctrl_hs|  tpgBackground_Pipeline_VITIS_LOOP_565_2|  return value|
|srcYUV_dout                        |   in|   24|     ap_fifo|                                   srcYUV|       pointer|
|srcYUV_num_data_valid              |   in|    5|     ap_fifo|                                   srcYUV|       pointer|
|srcYUV_fifo_cap                    |   in|    5|     ap_fifo|                                   srcYUV|       pointer|
|srcYUV_empty_n                     |   in|    1|     ap_fifo|                                   srcYUV|       pointer|
|srcYUV_read                        |  out|    1|     ap_fifo|                                   srcYUV|       pointer|
|bckgndYUV_din                      |  out|   24|     ap_fifo|                                bckgndYUV|       pointer|
|bckgndYUV_num_data_valid           |   in|    5|     ap_fifo|                                bckgndYUV|       pointer|
|bckgndYUV_fifo_cap                 |   in|    5|     ap_fifo|                                bckgndYUV|       pointer|
|bckgndYUV_full_n                   |   in|    1|     ap_fifo|                                bckgndYUV|       pointer|
|bckgndYUV_write                    |  out|    1|     ap_fifo|                                bckgndYUV|       pointer|
|rampVal_3_flag_0                   |   in|    1|     ap_none|                         rampVal_3_flag_0|        scalar|
|hdata_flag_0                       |   in|    1|     ap_none|                             hdata_flag_0|        scalar|
|rampVal_2_flag_0                   |   in|    1|     ap_none|                         rampVal_2_flag_0|        scalar|
|outpix_8                           |   in|    8|     ap_none|                                 outpix_8|        scalar|
|outpix_7                           |   in|    8|     ap_none|                                 outpix_7|        scalar|
|outpix_6                           |   in|    8|     ap_none|                                 outpix_6|        scalar|
|loopWidth                          |   in|   16|     ap_none|                                loopWidth|        scalar|
|pix_19                             |   in|    8|     ap_none|                                   pix_19|        scalar|
|pix_18                             |   in|    8|     ap_none|                                   pix_18|        scalar|
|outpix_3                           |   in|    8|     ap_none|                                 outpix_3|        scalar|
|select_ln552                       |   in|    5|     ap_none|                             select_ln552|        scalar|
|sext_ln552                         |   in|    1|     ap_none|                               sext_ln552|        scalar|
|select_ln552_1_cast_cast           |   in|    3|     ap_none|                 select_ln552_1_cast_cast|        scalar|
|outpix_2                           |   in|    8|     ap_none|                                 outpix_2|        scalar|
|outpix                             |   in|    8|     ap_none|                                   outpix|        scalar|
|rampStart_1                        |   in|    8|     ap_none|                              rampStart_1|        scalar|
|cmp8                               |   in|    1|     ap_none|                                     cmp8|        scalar|
|patternId_val_load                 |   in|    8|     ap_none|                       patternId_val_load|        scalar|
|Zplate_Hor_Control_Start           |   in|   16|     ap_none|                 Zplate_Hor_Control_Start|        scalar|
|cmp2_i267                          |   in|    1|     ap_none|                                cmp2_i267|        scalar|
|zext_ln1084                        |   in|    8|     ap_none|                              zext_ln1084|        scalar|
|y                                  |   in|   16|     ap_none|                                        y|        scalar|
|colorFormatLocal                   |   in|    8|     ap_none|                         colorFormatLocal|        scalar|
|barWidth_cast                      |   in|   11|     ap_none|                            barWidth_cast|        scalar|
|barWidth                           |   in|   11|     ap_none|                                 barWidth|        scalar|
|Zplate_Hor_Control_Delta           |   in|   16|     ap_none|                 Zplate_Hor_Control_Delta|        scalar|
|Zplate_Ver_Control_Start           |   in|   16|     ap_none|                 Zplate_Ver_Control_Start|        scalar|
|cmp12_i                            |   in|    1|     ap_none|                                  cmp12_i|        scalar|
|Zplate_Ver_Control_Delta           |   in|   16|     ap_none|                 Zplate_Ver_Control_Delta|        scalar|
|sub_i_i_i                          |   in|   11|     ap_none|                                sub_i_i_i|        scalar|
|barWidthMinSamples                 |   in|   10|     ap_none|                       barWidthMinSamples|        scalar|
|width_val_cast30                   |   in|   16|     ap_none|                         width_val_cast30|        scalar|
|height_val_cast24                  |   in|   16|     ap_none|                        height_val_cast24|        scalar|
|zext_ln565                         |   in|   16|     ap_none|                               zext_ln565|        scalar|
|empty                              |   in|    8|     ap_none|                                    empty|        scalar|
|icmp                               |   in|    1|     ap_none|                                     icmp|        scalar|
|Sel                                |   in|    2|     ap_none|                                      Sel|        scalar|
|dpDynamicRange                     |   in|    8|     ap_none|                           dpDynamicRange|        scalar|
|dpYUVCoef                          |   in|    8|     ap_none|                                dpYUVCoef|        scalar|
|passthruEndX_val_load              |   in|   16|     ap_none|                    passthruEndX_val_load|        scalar|
|passthruStartX_val_load            |   in|   16|     ap_none|                  passthruStartX_val_load|        scalar|
|passthruStartY_val_load            |   in|   16|     ap_none|                  passthruStartY_val_load|        scalar|
|rev                                |   in|    1|     ap_none|                                      rev|        scalar|
|rampVal_3_flag_1_out               |  out|    1|      ap_vld|                     rampVal_3_flag_1_out|       pointer|
|rampVal_3_flag_1_out_ap_vld        |  out|    1|      ap_vld|                     rampVal_3_flag_1_out|       pointer|
|rampVal_3_new_1_out                |  out|   16|      ap_vld|                      rampVal_3_new_1_out|       pointer|
|rampVal_3_new_1_out_ap_vld         |  out|    1|      ap_vld|                      rampVal_3_new_1_out|       pointer|
|rampVal_3_loc_1_out_i              |   in|   16|     ap_ovld|                      rampVal_3_loc_1_out|       pointer|
|rampVal_3_loc_1_out_o              |  out|   16|     ap_ovld|                      rampVal_3_loc_1_out|       pointer|
|rampVal_3_loc_1_out_o_ap_vld       |  out|    1|     ap_ovld|                      rampVal_3_loc_1_out|       pointer|
|rampVal_loc_1_out_i                |   in|   16|     ap_ovld|                        rampVal_loc_1_out|       pointer|
|rampVal_loc_1_out_o                |  out|   16|     ap_ovld|                        rampVal_loc_1_out|       pointer|
|rampVal_loc_1_out_o_ap_vld         |  out|    1|     ap_ovld|                        rampVal_loc_1_out|       pointer|
|hBarSel_4_0_loc_1_out_i            |   in|    8|     ap_ovld|                    hBarSel_4_0_loc_1_out|       pointer|
|hBarSel_4_0_loc_1_out_o            |  out|    8|     ap_ovld|                    hBarSel_4_0_loc_1_out|       pointer|
|hBarSel_4_0_loc_1_out_o_ap_vld     |  out|    1|     ap_ovld|                    hBarSel_4_0_loc_1_out|       pointer|
|zonePlateVAddr_loc_1_out_i         |   in|   16|     ap_ovld|                 zonePlateVAddr_loc_1_out|       pointer|
|zonePlateVAddr_loc_1_out_o         |  out|   16|     ap_ovld|                 zonePlateVAddr_loc_1_out|       pointer|
|zonePlateVAddr_loc_1_out_o_ap_vld  |  out|    1|     ap_ovld|                 zonePlateVAddr_loc_1_out|       pointer|
|vBarSel_loc_1_out_i                |   in|    8|     ap_ovld|                        vBarSel_loc_1_out|       pointer|
|vBarSel_loc_1_out_o                |  out|    8|     ap_ovld|                        vBarSel_loc_1_out|       pointer|
|vBarSel_loc_1_out_o_ap_vld         |  out|    1|     ap_ovld|                        vBarSel_loc_1_out|       pointer|
|hBarSel_0_loc_1_out_i              |   in|    8|     ap_ovld|                      hBarSel_0_loc_1_out|       pointer|
|hBarSel_0_loc_1_out_o              |  out|    8|     ap_ovld|                      hBarSel_0_loc_1_out|       pointer|
|hBarSel_0_loc_1_out_o_ap_vld       |  out|    1|     ap_ovld|                      hBarSel_0_loc_1_out|       pointer|
|hdata_flag_1_out                   |  out|    1|      ap_vld|                         hdata_flag_1_out|       pointer|
|hdata_flag_1_out_ap_vld            |  out|    1|      ap_vld|                         hdata_flag_1_out|       pointer|
|hdata_new_1_out                    |  out|   16|      ap_vld|                          hdata_new_1_out|       pointer|
|hdata_new_1_out_ap_vld             |  out|    1|      ap_vld|                          hdata_new_1_out|       pointer|
|hdata_loc_1_out_i                  |   in|   16|     ap_ovld|                          hdata_loc_1_out|       pointer|
|hdata_loc_1_out_o                  |  out|   16|     ap_ovld|                          hdata_loc_1_out|       pointer|
|hdata_loc_1_out_o_ap_vld           |  out|    1|     ap_ovld|                          hdata_loc_1_out|       pointer|
|vBarSel_2_loc_1_out_i              |   in|    8|     ap_ovld|                      vBarSel_2_loc_1_out|       pointer|
|vBarSel_2_loc_1_out_o              |  out|    8|     ap_ovld|                      vBarSel_2_loc_1_out|       pointer|
|vBarSel_2_loc_1_out_o_ap_vld       |  out|    1|     ap_ovld|                      vBarSel_2_loc_1_out|       pointer|
|hBarSel_3_0_loc_1_out_i            |   in|    8|     ap_ovld|                    hBarSel_3_0_loc_1_out|       pointer|
|hBarSel_3_0_loc_1_out_o            |  out|    8|     ap_ovld|                    hBarSel_3_0_loc_1_out|       pointer|
|hBarSel_3_0_loc_1_out_o_ap_vld     |  out|    1|     ap_ovld|                    hBarSel_3_0_loc_1_out|       pointer|
|rampVal_2_flag_1_out               |  out|    1|      ap_vld|                     rampVal_2_flag_1_out|       pointer|
|rampVal_2_flag_1_out_ap_vld        |  out|    1|      ap_vld|                     rampVal_2_flag_1_out|       pointer|
|rampVal_2_new_1_out                |  out|   16|      ap_vld|                      rampVal_2_new_1_out|       pointer|
|rampVal_2_new_1_out_ap_vld         |  out|    1|      ap_vld|                      rampVal_2_new_1_out|       pointer|
|rampVal_2_loc_1_out_i              |   in|   16|     ap_ovld|                      rampVal_2_loc_1_out|       pointer|
|rampVal_2_loc_1_out_o              |  out|   16|     ap_ovld|                      rampVal_2_loc_1_out|       pointer|
|rampVal_2_loc_1_out_o_ap_vld       |  out|    1|     ap_ovld|                      rampVal_2_loc_1_out|       pointer|
|vBarSel_3_loc_1_out_i              |   in|    8|     ap_ovld|                      vBarSel_3_loc_1_out|       pointer|
|vBarSel_3_loc_1_out_o              |  out|    8|     ap_ovld|                      vBarSel_3_loc_1_out|       pointer|
|vBarSel_3_loc_1_out_o_ap_vld       |  out|    1|     ap_ovld|                      vBarSel_3_loc_1_out|       pointer|
|hBarSel_5_0_loc_1_out_i            |   in|    8|     ap_ovld|                    hBarSel_5_0_loc_1_out|       pointer|
|hBarSel_5_0_loc_1_out_o            |  out|    8|     ap_ovld|                    hBarSel_5_0_loc_1_out|       pointer|
|hBarSel_5_0_loc_1_out_o_ap_vld     |  out|    1|     ap_ovld|                    hBarSel_5_0_loc_1_out|       pointer|
|outpix_11_out                      |  out|    8|      ap_vld|                            outpix_11_out|       pointer|
|outpix_11_out_ap_vld               |  out|    1|      ap_vld|                            outpix_11_out|       pointer|
|outpix_10_out                      |  out|    8|      ap_vld|                            outpix_10_out|       pointer|
|outpix_10_out_ap_vld               |  out|    1|      ap_vld|                            outpix_10_out|       pointer|
|outpix_9_out                       |  out|    8|      ap_vld|                             outpix_9_out|       pointer|
|outpix_9_out_ap_vld                |  out|    1|      ap_vld|                             outpix_9_out|       pointer|
|p_0_0_0248_out_i                   |   in|    8|     ap_ovld|                           p_0_0_0248_out|       pointer|
|p_0_0_0248_out_o                   |  out|    8|     ap_ovld|                           p_0_0_0248_out|       pointer|
|p_0_0_0248_out_o_ap_vld            |  out|    1|     ap_ovld|                           p_0_0_0248_out|       pointer|
|p_0_0_09246_out_i                  |   in|    8|     ap_ovld|                          p_0_0_09246_out|       pointer|
|p_0_0_09246_out_o                  |  out|    8|     ap_ovld|                          p_0_0_09246_out|       pointer|
|p_0_0_09246_out_o_ap_vld           |  out|    1|     ap_ovld|                          p_0_0_09246_out|       pointer|
|p_0_0_010244_out_i                 |   in|    8|     ap_ovld|                         p_0_0_010244_out|       pointer|
|p_0_0_010244_out_o                 |  out|    8|     ap_ovld|                         p_0_0_010244_out|       pointer|
|p_0_0_010244_out_o_ap_vld          |  out|    1|     ap_ovld|                         p_0_0_010244_out|       pointer|
|rampVal                            |  out|    8|      ap_vld|                                  rampVal|       pointer|
|rampVal_ap_vld                     |  out|    1|      ap_vld|                                  rampVal|       pointer|
|hBarSel_4_0                        |  out|    8|      ap_vld|                              hBarSel_4_0|       pointer|
|hBarSel_4_0_ap_vld                 |  out|    1|      ap_vld|                              hBarSel_4_0|       pointer|
|s                                  |   in|   32|     ap_none|                                        s|       pointer|
|zonePlateVAddr                     |  out|   16|      ap_vld|                           zonePlateVAddr|       pointer|
|zonePlateVAddr_ap_vld              |  out|    1|      ap_vld|                           zonePlateVAddr|       pointer|
|hBarSel_0                          |  out|    3|      ap_vld|                                hBarSel_0|       pointer|
|hBarSel_0_ap_vld                   |  out|    1|      ap_vld|                                hBarSel_0|       pointer|
|vBarSel                            |  out|    3|      ap_vld|                                  vBarSel|       pointer|
|vBarSel_ap_vld                     |  out|    1|      ap_vld|                                  vBarSel|       pointer|
|hBarSel_3_0                        |  out|    3|      ap_vld|                              hBarSel_3_0|       pointer|
|hBarSel_3_0_ap_vld                 |  out|    1|      ap_vld|                              hBarSel_3_0|       pointer|
|vBarSel_2                          |  out|    8|      ap_vld|                                vBarSel_2|       pointer|
|vBarSel_2_ap_vld                   |  out|    1|      ap_vld|                                vBarSel_2|       pointer|
|hBarSel_5_0                        |  out|    3|      ap_vld|                              hBarSel_5_0|       pointer|
|hBarSel_5_0_ap_vld                 |  out|    1|      ap_vld|                              hBarSel_5_0|       pointer|
|vBarSel_1                          |  out|    1|      ap_vld|                                vBarSel_1|       pointer|
|vBarSel_1_ap_vld                   |  out|    1|      ap_vld|                                vBarSel_1|       pointer|
+-----------------------------------+-----+-----+------------+-----------------------------------------+--------------+

