Nothing to build in platform 'EMC2_HDMI_out_plat'

11:47:05 **** Incremental Build of configuration Debug for project fsbl ****
make all 
Building file: ../src/xfsbl_authentication.c
Invoking: ARM v8 gcc compiler
aarch64-none-elf-gcc -DARMA53_64 -Wall -O0 -g3 -c -fmessage-length=0 -MT"src/xfsbl_authentication.o" -Os -flto -ffat-lto-objects -I/home/sundance/Emilie_Projects/git/EMC2/BSP_HDMI_out_TE0820_4EV/2023.2/software/baremetal_classic/EMC2_HDMI_out_plat/export/EMC2_HDMI_out_plat/sw/EMC2_HDMI_out_plat/standalone_domain/bspinclude/include -MMD -MP -MF"src/xfsbl_authentication.d" -MT"src/xfsbl_authentication.o" -o "src/xfsbl_authentication.o" "../src/xfsbl_authentication.c"
In file included from /home/sundance/Emilie_Projects/git/EMC2/BSP_HDMI_out_TE0820_4EV/2023.2/software/baremetal_classic/EMC2_HDMI_out_plat/export/EMC2_HDMI_out_plat/sw/EMC2_HDMI_out_plat/standalone_domain/bspinclude/include/xil_types.h:51,
                 from /home/sundance/Emilie_Projects/git/EMC2/BSP_HDMI_out_TE0820_4EV/2023.2/software/baremetal_classic/EMC2_HDMI_out_plat/export/EMC2_HDMI_out_plat/sw/EMC2_HDMI_out_plat/standalone_domain/bspinclude/include/xil_io.h:49,
                 from ../src/xfsbl_hw.h:48,
                 from ../src/xfsbl_authentication.c:48:
/home/sundance/Emilie_Projects/git/EMC2/BSP_HDMI_out_TE0820_4EV/2023.2/software/baremetal_classic/EMC2_HDMI_out_plat/export/EMC2_HDMI_out_plat/sw/EMC2_HDMI_out_plat/standalone_domain/bspinclude/include/xparameters.h:26:9: warning: ISO C99 requires whitespace after the macro name
   26 | #define XPS_BOARD_EMC2-DP_TE0820_4EV_1E
      |         ^~~~~~~~~~~~~~
Finished building: ../src/xfsbl_authentication.c
 
Building file: ../src/xfsbl_board.c
Invoking: ARM v8 gcc compiler
aarch64-none-elf-gcc -DARMA53_64 -Wall -O0 -g3 -c -fmessage-length=0 -MT"src/xfsbl_board.o" -Os -flto -ffat-lto-objects -I/home/sundance/Emilie_Projects/git/EMC2/BSP_HDMI_out_TE0820_4EV/2023.2/software/baremetal_classic/EMC2_HDMI_out_plat/export/EMC2_HDMI_out_plat/sw/EMC2_HDMI_out_plat/standalone_domain/bspinclude/include -MMD -MP -MF"src/xfsbl_board.d" -MT"src/xfsbl_board.o" -o "src/xfsbl_board.o" "../src/xfsbl_board.c"
In file included from /home/sundance/Emilie_Projects/git/EMC2/BSP_HDMI_out_TE0820_4EV/2023.2/software/baremetal_classic/EMC2_HDMI_out_plat/export/EMC2_HDMI_out_plat/sw/EMC2_HDMI_out_plat/standalone_domain/bspinclude/include/xil_types.h:51,
                 from /home/sundance/Emilie_Projects/git/EMC2/BSP_HDMI_out_TE0820_4EV/2023.2/software/baremetal_classic/EMC2_HDMI_out_plat/export/EMC2_HDMI_out_plat/sw/EMC2_HDMI_out_plat/standalone_domain/bspinclude/include/xil_io.h:49,
                 from ../src/xfsbl_hw.h:48,
                 from ../src/xfsbl_board.h:41,
                 from ../src/xfsbl_board.c:39:
/home/sundance/Emilie_Projects/git/EMC2/BSP_HDMI_out_TE0820_4EV/2023.2/software/baremetal_classic/EMC2_HDMI_out_plat/export/EMC2_HDMI_out_plat/sw/EMC2_HDMI_out_plat/standalone_domain/bspinclude/include/xparameters.h:26:9: warning: ISO C99 requires whitespace after the macro name
   26 | #define XPS_BOARD_EMC2-DP_TE0820_4EV_1E
      |         ^~~~~~~~~~~~~~
Finished building: ../src/xfsbl_board.c
 
Building file: ../src/xfsbl_bs.c
Invoking: ARM v8 gcc compiler
aarch64-none-elf-gcc -DARMA53_64 -Wall -O0 -g3 -c -fmessage-length=0 -MT"src/xfsbl_bs.o" -Os -flto -ffat-lto-objects -I/home/sundance/Emilie_Projects/git/EMC2/BSP_HDMI_out_TE0820_4EV/2023.2/software/baremetal_classic/EMC2_HDMI_out_plat/export/EMC2_HDMI_out_plat/sw/EMC2_HDMI_out_plat/standalone_domain/bspinclude/include -MMD -MP -MF"src/xfsbl_bs.d" -MT"src/xfsbl_bs.o" -o "src/xfsbl_bs.o" "../src/xfsbl_bs.c"
In file included from /home/sundance/Emilie_Projects/git/EMC2/BSP_HDMI_out_TE0820_4EV/2023.2/software/baremetal_classic/EMC2_HDMI_out_plat/export/EMC2_HDMI_out_plat/sw/EMC2_HDMI_out_plat/standalone_domain/bspinclude/include/xil_types.h:51,
                 from /home/sundance/Emilie_Projects/git/EMC2/BSP_HDMI_out_TE0820_4EV/2023.2/software/baremetal_classic/EMC2_HDMI_out_plat/export/EMC2_HDMI_out_plat/sw/EMC2_HDMI_out_plat/standalone_domain/bspinclude/include/xil_io.h:49,
                 from ../src/xfsbl_hw.h:48,
                 from ../src/xfsbl_bs.c:32:
/home/sundance/Emilie_Projects/git/EMC2/BSP_HDMI_out_TE0820_4EV/2023.2/software/baremetal_classic/EMC2_HDMI_out_plat/export/EMC2_HDMI_out_plat/sw/EMC2_HDMI_out_plat/standalone_domain/bspinclude/include/xparameters.h:26:9: warning: ISO C99 requires whitespace after the macro name
   26 | #define XPS_BOARD_EMC2-DP_TE0820_4EV_1E
      |         ^~~~~~~~~~~~~~
Finished building: ../src/xfsbl_bs.c
 
Building file: ../src/xfsbl_csu_dma.c
Invoking: ARM v8 gcc compiler
aarch64-none-elf-gcc -DARMA53_64 -Wall -O0 -g3 -c -fmessage-length=0 -MT"src/xfsbl_csu_dma.o" -Os -flto -ffat-lto-objects -I/home/sundance/Emilie_Projects/git/EMC2/BSP_HDMI_out_TE0820_4EV/2023.2/software/baremetal_classic/EMC2_HDMI_out_plat/export/EMC2_HDMI_out_plat/sw/EMC2_HDMI_out_plat/standalone_domain/bspinclude/include -MMD -MP -MF"src/xfsbl_csu_dma.d" -MT"src/xfsbl_csu_dma.o" -o "src/xfsbl_csu_dma.o" "../src/xfsbl_csu_dma.c"
In file included from /home/sundance/Emilie_Projects/git/EMC2/BSP_HDMI_out_TE0820_4EV/2023.2/software/baremetal_classic/EMC2_HDMI_out_plat/export/EMC2_HDMI_out_plat/sw/EMC2_HDMI_out_plat/standalone_domain/bspinclude/include/xil_types.h:51,
                 from /home/sundance/Emilie_Projects/git/EMC2/BSP_HDMI_out_TE0820_4EV/2023.2/software/baremetal_classic/EMC2_HDMI_out_plat/export/EMC2_HDMI_out_plat/sw/EMC2_HDMI_out_plat/standalone_domain/bspinclude/include/xil_io.h:49,
                 from /home/sundance/Emilie_Projects/git/EMC2/BSP_HDMI_out_TE0820_4EV/2023.2/software/baremetal_classic/EMC2_HDMI_out_plat/export/EMC2_HDMI_out_plat/sw/EMC2_HDMI_out_plat/standalone_domain/bspinclude/include/xcsudma_hw.h:43,
                 from /home/sundance/Emilie_Projects/git/EMC2/BSP_HDMI_out_TE0820_4EV/2023.2/software/baremetal_classic/EMC2_HDMI_out_plat/export/EMC2_HDMI_out_plat/sw/EMC2_HDMI_out_plat/standalone_domain/bspinclude/include/xcsudma.h:126,
                 from ../src/xfsbl_csu_dma.c:29:
/home/sundance/Emilie_Projects/git/EMC2/BSP_HDMI_out_TE0820_4EV/2023.2/software/baremetal_classic/EMC2_HDMI_out_plat/export/EMC2_HDMI_out_plat/sw/EMC2_HDMI_out_plat/standalone_domain/bspinclude/include/xparameters.h:26:9: warning: ISO C99 requires whitespace after the macro name
   26 | #define XPS_BOARD_EMC2-DP_TE0820_4EV_1E
      |         ^~~~~~~~~~~~~~
Finished building: ../src/xfsbl_csu_dma.c
 
Building file: ../src/xfsbl_ddr_init.c
Invoking: ARM v8 gcc compiler
aarch64-none-elf-gcc -DARMA53_64 -Wall -O0 -g3 -c -fmessage-length=0 -MT"src/xfsbl_ddr_init.o" -Os -flto -ffat-lto-objects -I/home/sundance/Emilie_Projects/git/EMC2/BSP_HDMI_out_TE0820_4EV/2023.2/software/baremetal_classic/EMC2_HDMI_out_plat/export/EMC2_HDMI_out_plat/sw/EMC2_HDMI_out_plat/standalone_domain/bspinclude/include -MMD -MP -MF"src/xfsbl_ddr_init.d" -MT"src/xfsbl_ddr_init.o" -o "src/xfsbl_ddr_init.o" "../src/xfsbl_ddr_init.c"
In file included from /home/sundance/Emilie_Projects/git/EMC2/BSP_HDMI_out_TE0820_4EV/2023.2/software/baremetal_classic/EMC2_HDMI_out_plat/export/EMC2_HDMI_out_plat/sw/EMC2_HDMI_out_plat/standalone_domain/bspinclude/include/xil_types.h:51,
                 from /home/sundance/Emilie_Projects/git/EMC2/BSP_HDMI_out_TE0820_4EV/2023.2/software/baremetal_classic/EMC2_HDMI_out_plat/export/EMC2_HDMI_out_plat/sw/EMC2_HDMI_out_plat/standalone_domain/bspinclude/include/xil_io.h:49,
                 from ../src/xfsbl_hw.h:48,
                 from ../src/xfsbl_ddr_init.c:44:
/home/sundance/Emilie_Projects/git/EMC2/BSP_HDMI_out_TE0820_4EV/2023.2/software/baremetal_classic/EMC2_HDMI_out_plat/export/EMC2_HDMI_out_plat/sw/EMC2_HDMI_out_plat/standalone_domain/bspinclude/include/xparameters.h:26:9: warning: ISO C99 requires whitespace after the macro name
   26 | #define XPS_BOARD_EMC2-DP_TE0820_4EV_1E
      |         ^~~~~~~~~~~~~~
Finished building: ../src/xfsbl_ddr_init.c
 
Building file: ../src/xfsbl_dfu_util.c
Invoking: ARM v8 gcc compiler
aarch64-none-elf-gcc -DARMA53_64 -Wall -O0 -g3 -c -fmessage-length=0 -MT"src/xfsbl_dfu_util.o" -Os -flto -ffat-lto-objects -I/home/sundance/Emilie_Projects/git/EMC2/BSP_HDMI_out_TE0820_4EV/2023.2/software/baremetal_classic/EMC2_HDMI_out_plat/export/EMC2_HDMI_out_plat/sw/EMC2_HDMI_out_plat/standalone_domain/bspinclude/include -MMD -MP -MF"src/xfsbl_dfu_util.d" -MT"src/xfsbl_dfu_util.o" -o "src/xfsbl_dfu_util.o" "../src/xfsbl_dfu_util.c"
In file included from /home/sundance/Emilie_Projects/git/EMC2/BSP_HDMI_out_TE0820_4EV/2023.2/software/baremetal_classic/EMC2_HDMI_out_plat/export/EMC2_HDMI_out_plat/sw/EMC2_HDMI_out_plat/standalone_domain/bspinclude/include/xil_types.h:51,
                 from /home/sundance/Emilie_Projects/git/EMC2/BSP_HDMI_out_TE0820_4EV/2023.2/software/baremetal_classic/EMC2_HDMI_out_plat/export/EMC2_HDMI_out_plat/sw/EMC2_HDMI_out_plat/standalone_domain/bspinclude/include/xil_io.h:49,
                 from ../src/xfsbl_hw.h:48,
                 from ../src/xfsbl_dfu_util.c:28:
/home/sundance/Emilie_Projects/git/EMC2/BSP_HDMI_out_TE0820_4EV/2023.2/software/baremetal_classic/EMC2_HDMI_out_plat/export/EMC2_HDMI_out_plat/sw/EMC2_HDMI_out_plat/standalone_domain/bspinclude/include/xparameters.h:26:9: warning: ISO C99 requires whitespace after the macro name
   26 | #define XPS_BOARD_EMC2-DP_TE0820_4EV_1E
      |         ^~~~~~~~~~~~~~
Finished building: ../src/xfsbl_dfu_util.c
 
Building file: ../src/xfsbl_handoff.c
Invoking: ARM v8 gcc compiler
aarch64-none-elf-gcc -DARMA53_64 -Wall -O0 -g3 -c -fmessage-length=0 -MT"src/xfsbl_handoff.o" -Os -flto -ffat-lto-objects -I/home/sundance/Emilie_Projects/git/EMC2/BSP_HDMI_out_TE0820_4EV/2023.2/software/baremetal_classic/EMC2_HDMI_out_plat/export/EMC2_HDMI_out_plat/sw/EMC2_HDMI_out_plat/standalone_domain/bspinclude/include -MMD -MP -MF"src/xfsbl_handoff.d" -MT"src/xfsbl_handoff.o" -o "src/xfsbl_handoff.o" "../src/xfsbl_handoff.c"
In file included from /home/sundance/Emilie_Projects/git/EMC2/BSP_HDMI_out_TE0820_4EV/2023.2/software/baremetal_classic/EMC2_HDMI_out_plat/export/EMC2_HDMI_out_plat/sw/EMC2_HDMI_out_plat/standalone_domain/bspinclude/include/xil_types.h:51,
                 from /home/sundance/Emilie_Projects/git/EMC2/BSP_HDMI_out_TE0820_4EV/2023.2/software/baremetal_classic/EMC2_HDMI_out_plat/export/EMC2_HDMI_out_plat/sw/EMC2_HDMI_out_plat/standalone_domain/bspinclude/include/xil_io.h:49,
                 from ../src/xfsbl_hw.h:48,
                 from ../src/xfsbl_handoff.c:41:
/home/sundance/Emilie_Projects/git/EMC2/BSP_HDMI_out_TE0820_4EV/2023.2/software/baremetal_classic/EMC2_HDMI_out_plat/export/EMC2_HDMI_out_plat/sw/EMC2_HDMI_out_plat/standalone_domain/bspinclude/include/xparameters.h:26:9: warning: ISO C99 requires whitespace after the macro name
   26 | #define XPS_BOARD_EMC2-DP_TE0820_4EV_1E
      |         ^~~~~~~~~~~~~~
Finished building: ../src/xfsbl_handoff.c
 
Building file: ../src/xfsbl_hooks.c
Invoking: ARM v8 gcc compiler
aarch64-none-elf-gcc -DARMA53_64 -Wall -O0 -g3 -c -fmessage-length=0 -MT"src/xfsbl_hooks.o" -Os -flto -ffat-lto-objects -I/home/sundance/Emilie_Projects/git/EMC2/BSP_HDMI_out_TE0820_4EV/2023.2/software/baremetal_classic/EMC2_HDMI_out_plat/export/EMC2_HDMI_out_plat/sw/EMC2_HDMI_out_plat/standalone_domain/bspinclude/include -MMD -MP -MF"src/xfsbl_hooks.d" -MT"src/xfsbl_hooks.o" -o "src/xfsbl_hooks.o" "../src/xfsbl_hooks.c"
In file included from /home/sundance/Emilie_Projects/git/EMC2/BSP_HDMI_out_TE0820_4EV/2023.2/software/baremetal_classic/EMC2_HDMI_out_plat/export/EMC2_HDMI_out_plat/sw/EMC2_HDMI_out_plat/standalone_domain/bspinclude/include/xil_types.h:51,
                 from /home/sundance/Emilie_Projects/git/EMC2/BSP_HDMI_out_TE0820_4EV/2023.2/software/baremetal_classic/EMC2_HDMI_out_plat/export/EMC2_HDMI_out_plat/sw/EMC2_HDMI_out_plat/standalone_domain/bspinclude/include/xil_io.h:49,
                 from ../src/xfsbl_hw.h:48,
                 from ../src/xfsbl_hooks.c:31:
/home/sundance/Emilie_Projects/git/EMC2/BSP_HDMI_out_TE0820_4EV/2023.2/software/baremetal_classic/EMC2_HDMI_out_plat/export/EMC2_HDMI_out_plat/sw/EMC2_HDMI_out_plat/standalone_domain/bspinclude/include/xparameters.h:26:9: warning: ISO C99 requires whitespace after the macro name
   26 | #define XPS_BOARD_EMC2-DP_TE0820_4EV_1E
      |         ^~~~~~~~~~~~~~
Finished building: ../src/xfsbl_hooks.c
 
Building file: ../src/xfsbl_image_header.c
Invoking: ARM v8 gcc compiler
aarch64-none-elf-gcc -DARMA53_64 -Wall -O0 -g3 -c -fmessage-length=0 -MT"src/xfsbl_image_header.o" -Os -flto -ffat-lto-objects -I/home/sundance/Emilie_Projects/git/EMC2/BSP_HDMI_out_TE0820_4EV/2023.2/software/baremetal_classic/EMC2_HDMI_out_plat/export/EMC2_HDMI_out_plat/sw/EMC2_HDMI_out_plat/standalone_domain/bspinclude/include -MMD -MP -MF"src/xfsbl_image_header.d" -MT"src/xfsbl_image_header.o" -o "src/xfsbl_image_header.o" "../src/xfsbl_image_header.c"
In file included from /home/sundance/Emilie_Projects/git/EMC2/BSP_HDMI_out_TE0820_4EV/2023.2/software/baremetal_classic/EMC2_HDMI_out_plat/export/EMC2_HDMI_out_plat/sw/EMC2_HDMI_out_plat/standalone_domain/bspinclude/include/xil_types.h:51,
                 from /home/sundance/Emilie_Projects/git/EMC2/BSP_HDMI_out_TE0820_4EV/2023.2/software/baremetal_classic/EMC2_HDMI_out_plat/export/EMC2_HDMI_out_plat/sw/EMC2_HDMI_out_plat/standalone_domain/bspinclude/include/xil_io.h:49,
                 from ../src/xfsbl_hw.h:48,
                 from ../src/xfsbl_image_header.c:43:
/home/sundance/Emilie_Projects/git/EMC2/BSP_HDMI_out_TE0820_4EV/2023.2/software/baremetal_classic/EMC2_HDMI_out_plat/export/EMC2_HDMI_out_plat/sw/EMC2_HDMI_out_plat/standalone_domain/bspinclude/include/xparameters.h:26:9: warning: ISO C99 requires whitespace after the macro name
   26 | #define XPS_BOARD_EMC2-DP_TE0820_4EV_1E
      |         ^~~~~~~~~~~~~~
Finished building: ../src/xfsbl_image_header.c
 
Building file: ../src/xfsbl_initialization.c
Invoking: ARM v8 gcc compiler
aarch64-none-elf-gcc -DARMA53_64 -Wall -O0 -g3 -c -fmessage-length=0 -MT"src/xfsbl_initialization.o" -Os -flto -ffat-lto-objects -I/home/sundance/Emilie_Projects/git/EMC2/BSP_HDMI_out_TE0820_4EV/2023.2/software/baremetal_classic/EMC2_HDMI_out_plat/export/EMC2_HDMI_out_plat/sw/EMC2_HDMI_out_plat/standalone_domain/bspinclude/include -MMD -MP -MF"src/xfsbl_initialization.d" -MT"src/xfsbl_initialization.o" -o "src/xfsbl_initialization.o" "../src/xfsbl_initialization.c"
In file included from /home/sundance/Emilie_Projects/git/EMC2/BSP_HDMI_out_TE0820_4EV/2023.2/software/baremetal_classic/EMC2_HDMI_out_plat/export/EMC2_HDMI_out_plat/sw/EMC2_HDMI_out_plat/standalone_domain/bspinclude/include/xil_types.h:51,
                 from /home/sundance/Emilie_Projects/git/EMC2/BSP_HDMI_out_TE0820_4EV/2023.2/software/baremetal_classic/EMC2_HDMI_out_plat/export/EMC2_HDMI_out_plat/sw/EMC2_HDMI_out_plat/standalone_domain/bspinclude/include/xil_io.h:49,
                 from ../src/xfsbl_hw.h:48,
                 from ../src/xfsbl_initialization.c:67:
/home/sundance/Emilie_Projects/git/EMC2/BSP_HDMI_out_TE0820_4EV/2023.2/software/baremetal_classic/EMC2_HDMI_out_plat/export/EMC2_HDMI_out_plat/sw/EMC2_HDMI_out_plat/standalone_domain/bspinclude/include/xparameters.h:26:9: warning: ISO C99 requires whitespace after the macro name
   26 | #define XPS_BOARD_EMC2-DP_TE0820_4EV_1E
      |         ^~~~~~~~~~~~~~
Finished building: ../src/xfsbl_initialization.c
 
Building file: ../src/xfsbl_main.c
Invoking: ARM v8 gcc compiler
aarch64-none-elf-gcc -DARMA53_64 -Wall -O0 -g3 -c -fmessage-length=0 -MT"src/xfsbl_main.o" -Os -flto -ffat-lto-objects -I/home/sundance/Emilie_Projects/git/EMC2/BSP_HDMI_out_TE0820_4EV/2023.2/software/baremetal_classic/EMC2_HDMI_out_plat/export/EMC2_HDMI_out_plat/sw/EMC2_HDMI_out_plat/standalone_domain/bspinclude/include -MMD -MP -MF"src/xfsbl_main.d" -MT"src/xfsbl_main.o" -o "src/xfsbl_main.o" "../src/xfsbl_main.c"
In file included from /home/sundance/Emilie_Projects/git/EMC2/BSP_HDMI_out_TE0820_4EV/2023.2/software/baremetal_classic/EMC2_HDMI_out_plat/export/EMC2_HDMI_out_plat/sw/EMC2_HDMI_out_plat/standalone_domain/bspinclude/include/xil_types.h:51,
                 from /home/sundance/Emilie_Projects/git/EMC2/BSP_HDMI_out_TE0820_4EV/2023.2/software/baremetal_classic/EMC2_HDMI_out_plat/export/EMC2_HDMI_out_plat/sw/EMC2_HDMI_out_plat/standalone_domain/bspinclude/include/xil_io.h:49,
                 from ../src/xfsbl_hw.h:48,
                 from ../src/xfsbl_main.c:35:
/home/sundance/Emilie_Projects/git/EMC2/BSP_HDMI_out_TE0820_4EV/2023.2/software/baremetal_classic/EMC2_HDMI_out_plat/export/EMC2_HDMI_out_plat/sw/EMC2_HDMI_out_plat/standalone_domain/bspinclude/include/xparameters.h:26:9: warning: ISO C99 requires whitespace after the macro name
   26 | #define XPS_BOARD_EMC2-DP_TE0820_4EV_1E
      |         ^~~~~~~~~~~~~~
Finished building: ../src/xfsbl_main.c
 
Building file: ../src/xfsbl_misc.c
Invoking: ARM v8 gcc compiler
aarch64-none-elf-gcc -DARMA53_64 -Wall -O0 -g3 -c -fmessage-length=0 -MT"src/xfsbl_misc.o" -Os -flto -ffat-lto-objects -I/home/sundance/Emilie_Projects/git/EMC2/BSP_HDMI_out_TE0820_4EV/2023.2/software/baremetal_classic/EMC2_HDMI_out_plat/export/EMC2_HDMI_out_plat/sw/EMC2_HDMI_out_plat/standalone_domain/bspinclude/include -MMD -MP -MF"src/xfsbl_misc.d" -MT"src/xfsbl_misc.o" -o "src/xfsbl_misc.o" "../src/xfsbl_misc.c"
In file included from /home/sundance/Emilie_Projects/git/EMC2/BSP_HDMI_out_TE0820_4EV/2023.2/software/baremetal_classic/EMC2_HDMI_out_plat/export/EMC2_HDMI_out_plat/sw/EMC2_HDMI_out_plat/standalone_domain/bspinclude/include/xil_types.h:51,
                 from /home/sundance/Emilie_Projects/git/EMC2/BSP_HDMI_out_TE0820_4EV/2023.2/software/baremetal_classic/EMC2_HDMI_out_plat/export/EMC2_HDMI_out_plat/sw/EMC2_HDMI_out_plat/standalone_domain/bspinclude/include/xil_io.h:49,
                 from ../src/xfsbl_hw.h:48,
                 from ../src/xfsbl_misc.c:32:
/home/sundance/Emilie_Projects/git/EMC2/BSP_HDMI_out_TE0820_4EV/2023.2/software/baremetal_classic/EMC2_HDMI_out_plat/export/EMC2_HDMI_out_plat/sw/EMC2_HDMI_out_plat/standalone_domain/bspinclude/include/xparameters.h:26:9: warning: ISO C99 requires whitespace after the macro name
   26 | #define XPS_BOARD_EMC2-DP_TE0820_4EV_1E
      |         ^~~~~~~~~~~~~~
Finished building: ../src/xfsbl_misc.c
 
Building file: ../src/xfsbl_misc_drivers.c
Invoking: ARM v8 gcc compiler
aarch64-none-elf-gcc -DARMA53_64 -Wall -O0 -g3 -c -fmessage-length=0 -MT"src/xfsbl_misc_drivers.o" -Os -flto -ffat-lto-objects -I/home/sundance/Emilie_Projects/git/EMC2/BSP_HDMI_out_TE0820_4EV/2023.2/software/baremetal_classic/EMC2_HDMI_out_plat/export/EMC2_HDMI_out_plat/sw/EMC2_HDMI_out_plat/standalone_domain/bspinclude/include -MMD -MP -MF"src/xfsbl_misc_drivers.d" -MT"src/xfsbl_misc_drivers.o" -o "src/xfsbl_misc_drivers.o" "../src/xfsbl_misc_drivers.c"
In file included from /home/sundance/Emilie_Projects/git/EMC2/BSP_HDMI_out_TE0820_4EV/2023.2/software/baremetal_classic/EMC2_HDMI_out_plat/export/EMC2_HDMI_out_plat/sw/EMC2_HDMI_out_plat/standalone_domain/bspinclude/include/xil_types.h:51,
                 from /home/sundance/Emilie_Projects/git/EMC2/BSP_HDMI_out_TE0820_4EV/2023.2/software/baremetal_classic/EMC2_HDMI_out_plat/export/EMC2_HDMI_out_plat/sw/EMC2_HDMI_out_plat/standalone_domain/bspinclude/include/xil_io.h:49,
                 from ../src/xfsbl_hw.h:48,
                 from ../src/xfsbl_misc_drivers.c:37:
/home/sundance/Emilie_Projects/git/EMC2/BSP_HDMI_out_TE0820_4EV/2023.2/software/baremetal_classic/EMC2_HDMI_out_plat/export/EMC2_HDMI_out_plat/sw/EMC2_HDMI_out_plat/standalone_domain/bspinclude/include/xparameters.h:26:9: warning: ISO C99 requires whitespace after the macro name
   26 | #define XPS_BOARD_EMC2-DP_TE0820_4EV_1E
      |         ^~~~~~~~~~~~~~
Finished building: ../src/xfsbl_misc_drivers.c
 
Building file: ../src/xfsbl_nand.c
Invoking: ARM v8 gcc compiler
aarch64-none-elf-gcc -DARMA53_64 -Wall -O0 -g3 -c -fmessage-length=0 -MT"src/xfsbl_nand.o" -Os -flto -ffat-lto-objects -I/home/sundance/Emilie_Projects/git/EMC2/BSP_HDMI_out_TE0820_4EV/2023.2/software/baremetal_classic/EMC2_HDMI_out_plat/export/EMC2_HDMI_out_plat/sw/EMC2_HDMI_out_plat/standalone_domain/bspinclude/include -MMD -MP -MF"src/xfsbl_nand.d" -MT"src/xfsbl_nand.o" -o "src/xfsbl_nand.o" "../src/xfsbl_nand.c"
In file included from /home/sundance/Emilie_Projects/git/EMC2/BSP_HDMI_out_TE0820_4EV/2023.2/software/baremetal_classic/EMC2_HDMI_out_plat/export/EMC2_HDMI_out_plat/sw/EMC2_HDMI_out_plat/standalone_domain/bspinclude/include/xil_types.h:51,
                 from /home/sundance/Emilie_Projects/git/EMC2/BSP_HDMI_out_TE0820_4EV/2023.2/software/baremetal_classic/EMC2_HDMI_out_plat/export/EMC2_HDMI_out_plat/sw/EMC2_HDMI_out_plat/standalone_domain/bspinclude/include/xil_io.h:49,
                 from ../src/xfsbl_hw.h:48,
                 from ../src/xfsbl_nand.c:29:
/home/sundance/Emilie_Projects/git/EMC2/BSP_HDMI_out_TE0820_4EV/2023.2/software/baremetal_classic/EMC2_HDMI_out_plat/export/EMC2_HDMI_out_plat/sw/EMC2_HDMI_out_plat/standalone_domain/bspinclude/include/xparameters.h:26:9: warning: ISO C99 requires whitespace after the macro name
   26 | #define XPS_BOARD_EMC2-DP_TE0820_4EV_1E
      |         ^~~~~~~~~~~~~~
Finished building: ../src/xfsbl_nand.c
 
Building file: ../src/xfsbl_partition_load.c
Invoking: ARM v8 gcc compiler
aarch64-none-elf-gcc -DARMA53_64 -Wall -O0 -g3 -c -fmessage-length=0 -MT"src/xfsbl_partition_load.o" -Os -flto -ffat-lto-objects -I/home/sundance/Emilie_Projects/git/EMC2/BSP_HDMI_out_TE0820_4EV/2023.2/software/baremetal_classic/EMC2_HDMI_out_plat/export/EMC2_HDMI_out_plat/sw/EMC2_HDMI_out_plat/standalone_domain/bspinclude/include -MMD -MP -MF"src/xfsbl_partition_load.d" -MT"src/xfsbl_partition_load.o" -o "src/xfsbl_partition_load.o" "../src/xfsbl_partition_load.c"
In file included from /home/sundance/Emilie_Projects/git/EMC2/BSP_HDMI_out_TE0820_4EV/2023.2/software/baremetal_classic/EMC2_HDMI_out_plat/export/EMC2_HDMI_out_plat/sw/EMC2_HDMI_out_plat/standalone_domain/bspinclude/include/xil_types.h:51,
                 from /home/sundance/Emilie_Projects/git/EMC2/BSP_HDMI_out_TE0820_4EV/2023.2/software/baremetal_classic/EMC2_HDMI_out_plat/export/EMC2_HDMI_out_plat/sw/EMC2_HDMI_out_plat/standalone_domain/bspinclude/include/xil_cache.h:34,
                 from ../src/xfsbl_partition_load.c:63:
/home/sundance/Emilie_Projects/git/EMC2/BSP_HDMI_out_TE0820_4EV/2023.2/software/baremetal_classic/EMC2_HDMI_out_plat/export/EMC2_HDMI_out_plat/sw/EMC2_HDMI_out_plat/standalone_domain/bspinclude/include/xparameters.h:26:9: warning: ISO C99 requires whitespace after the macro name
   26 | #define XPS_BOARD_EMC2-DP_TE0820_4EV_1E
      |         ^~~~~~~~~~~~~~
Finished building: ../src/xfsbl_partition_load.c
 
Building file: ../src/xfsbl_plpartition_valid.c
Invoking: ARM v8 gcc compiler
aarch64-none-elf-gcc -DARMA53_64 -Wall -O0 -g3 -c -fmessage-length=0 -MT"src/xfsbl_plpartition_valid.o" -Os -flto -ffat-lto-objects -I/home/sundance/Emilie_Projects/git/EMC2/BSP_HDMI_out_TE0820_4EV/2023.2/software/baremetal_classic/EMC2_HDMI_out_plat/export/EMC2_HDMI_out_plat/sw/EMC2_HDMI_out_plat/standalone_domain/bspinclude/include -MMD -MP -MF"src/xfsbl_plpartition_valid.d" -MT"src/xfsbl_plpartition_valid.o" -o "src/xfsbl_plpartition_valid.o" "../src/xfsbl_plpartition_valid.c"
In file included from /home/sundance/Emilie_Projects/git/EMC2/BSP_HDMI_out_TE0820_4EV/2023.2/software/baremetal_classic/EMC2_HDMI_out_plat/export/EMC2_HDMI_out_plat/sw/EMC2_HDMI_out_plat/standalone_domain/bspinclude/include/xil_types.h:51,
                 from /home/sundance/Emilie_Projects/git/EMC2/BSP_HDMI_out_TE0820_4EV/2023.2/software/baremetal_classic/EMC2_HDMI_out_plat/export/EMC2_HDMI_out_plat/sw/EMC2_HDMI_out_plat/standalone_domain/bspinclude/include/xil_io.h:49,
                 from ../src/xfsbl_hw.h:48,
                 from ../src/xfsbl_authentication.h:44,
                 from ../src/xfsbl_plpartition_valid.h:43,
                 from ../src/xfsbl_plpartition_valid.c:64:
/home/sundance/Emilie_Projects/git/EMC2/BSP_HDMI_out_TE0820_4EV/2023.2/software/baremetal_classic/EMC2_HDMI_out_plat/export/EMC2_HDMI_out_plat/sw/EMC2_HDMI_out_plat/standalone_domain/bspinclude/include/xparameters.h:26:9: warning: ISO C99 requires whitespace after the macro name
   26 | #define XPS_BOARD_EMC2-DP_TE0820_4EV_1E
      |         ^~~~~~~~~~~~~~
Finished building: ../src/xfsbl_plpartition_valid.c
 
Building file: ../src/xfsbl_qspi.c
Invoking: ARM v8 gcc compiler
aarch64-none-elf-gcc -DARMA53_64 -Wall -O0 -g3 -c -fmessage-length=0 -MT"src/xfsbl_qspi.o" -Os -flto -ffat-lto-objects -I/home/sundance/Emilie_Projects/git/EMC2/BSP_HDMI_out_TE0820_4EV/2023.2/software/baremetal_classic/EMC2_HDMI_out_plat/export/EMC2_HDMI_out_plat/sw/EMC2_HDMI_out_plat/standalone_domain/bspinclude/include -MMD -MP -MF"src/xfsbl_qspi.d" -MT"src/xfsbl_qspi.o" -o "src/xfsbl_qspi.o" "../src/xfsbl_qspi.c"
In file included from /home/sundance/Emilie_Projects/git/EMC2/BSP_HDMI_out_TE0820_4EV/2023.2/software/baremetal_classic/EMC2_HDMI_out_plat/export/EMC2_HDMI_out_plat/sw/EMC2_HDMI_out_plat/standalone_domain/bspinclude/include/xil_types.h:51,
                 from /home/sundance/Emilie_Projects/git/EMC2/BSP_HDMI_out_TE0820_4EV/2023.2/software/baremetal_classic/EMC2_HDMI_out_plat/export/EMC2_HDMI_out_plat/sw/EMC2_HDMI_out_plat/standalone_domain/bspinclude/include/xil_io.h:49,
                 from ../src/xfsbl_hw.h:48,
                 from ../src/xfsbl_qspi.c:44:
/home/sundance/Emilie_Projects/git/EMC2/BSP_HDMI_out_TE0820_4EV/2023.2/software/baremetal_classic/EMC2_HDMI_out_plat/export/EMC2_HDMI_out_plat/sw/EMC2_HDMI_out_plat/standalone_domain/bspinclude/include/xparameters.h:26:9: warning: ISO C99 requires whitespace after the macro name
   26 | #define XPS_BOARD_EMC2-DP_TE0820_4EV_1E
      |         ^~~~~~~~~~~~~~
Finished building: ../src/xfsbl_qspi.c
 
Building file: ../src/xfsbl_rsa_sha.c
Invoking: ARM v8 gcc compiler
aarch64-none-elf-gcc -DARMA53_64 -Wall -O0 -g3 -c -fmessage-length=0 -MT"src/xfsbl_rsa_sha.o" -Os -flto -ffat-lto-objects -I/home/sundance/Emilie_Projects/git/EMC2/BSP_HDMI_out_TE0820_4EV/2023.2/software/baremetal_classic/EMC2_HDMI_out_plat/export/EMC2_HDMI_out_plat/sw/EMC2_HDMI_out_plat/standalone_domain/bspinclude/include -MMD -MP -MF"src/xfsbl_rsa_sha.d" -MT"src/xfsbl_rsa_sha.o" -o "src/xfsbl_rsa_sha.o" "../src/xfsbl_rsa_sha.c"
In file included from /home/sundance/Emilie_Projects/git/EMC2/BSP_HDMI_out_TE0820_4EV/2023.2/software/baremetal_classic/EMC2_HDMI_out_plat/export/EMC2_HDMI_out_plat/sw/EMC2_HDMI_out_plat/standalone_domain/bspinclude/include/xil_types.h:51,
                 from /home/sundance/Emilie_Projects/git/EMC2/BSP_HDMI_out_TE0820_4EV/2023.2/software/baremetal_classic/EMC2_HDMI_out_plat/export/EMC2_HDMI_out_plat/sw/EMC2_HDMI_out_plat/standalone_domain/bspinclude/include/xil_io.h:49,
                 from ../src/xfsbl_hw.h:48,
                 from ../src/xfsbl_authentication.h:44,
                 from ../src/xfsbl_rsa_sha.c:34:
/home/sundance/Emilie_Projects/git/EMC2/BSP_HDMI_out_TE0820_4EV/2023.2/software/baremetal_classic/EMC2_HDMI_out_plat/export/EMC2_HDMI_out_plat/sw/EMC2_HDMI_out_plat/standalone_domain/bspinclude/include/xparameters.h:26:9: warning: ISO C99 requires whitespace after the macro name
   26 | #define XPS_BOARD_EMC2-DP_TE0820_4EV_1E
      |         ^~~~~~~~~~~~~~
Finished building: ../src/xfsbl_rsa_sha.c
 
Building file: ../src/xfsbl_sd.c
Invoking: ARM v8 gcc compiler
aarch64-none-elf-gcc -DARMA53_64 -Wall -O0 -g3 -c -fmessage-length=0 -MT"src/xfsbl_sd.o" -Os -flto -ffat-lto-objects -I/home/sundance/Emilie_Projects/git/EMC2/BSP_HDMI_out_TE0820_4EV/2023.2/software/baremetal_classic/EMC2_HDMI_out_plat/export/EMC2_HDMI_out_plat/sw/EMC2_HDMI_out_plat/standalone_domain/bspinclude/include -MMD -MP -MF"src/xfsbl_sd.d" -MT"src/xfsbl_sd.o" -o "src/xfsbl_sd.o" "../src/xfsbl_sd.c"
In file included from /home/sundance/Emilie_Projects/git/EMC2/BSP_HDMI_out_TE0820_4EV/2023.2/software/baremetal_classic/EMC2_HDMI_out_plat/export/EMC2_HDMI_out_plat/sw/EMC2_HDMI_out_plat/standalone_domain/bspinclude/include/xil_types.h:51,
                 from /home/sundance/Emilie_Projects/git/EMC2/BSP_HDMI_out_TE0820_4EV/2023.2/software/baremetal_classic/EMC2_HDMI_out_plat/export/EMC2_HDMI_out_plat/sw/EMC2_HDMI_out_plat/standalone_domain/bspinclude/include/xil_io.h:49,
                 from ../src/xfsbl_hw.h:48,
                 from ../src/xfsbl_sd.c:30:
/home/sundance/Emilie_Projects/git/EMC2/BSP_HDMI_out_TE0820_4EV/2023.2/software/baremetal_classic/EMC2_HDMI_out_plat/export/EMC2_HDMI_out_plat/sw/EMC2_HDMI_out_plat/standalone_domain/bspinclude/include/xparameters.h:26:9: warning: ISO C99 requires whitespace after the macro name
   26 | #define XPS_BOARD_EMC2-DP_TE0820_4EV_1E
      |         ^~~~~~~~~~~~~~
Finished building: ../src/xfsbl_sd.c
 
Building file: ../src/xfsbl_tpm.c
Invoking: ARM v8 gcc compiler
aarch64-none-elf-gcc -DARMA53_64 -Wall -O0 -g3 -c -fmessage-length=0 -MT"src/xfsbl_tpm.o" -Os -flto -ffat-lto-objects -I/home/sundance/Emilie_Projects/git/EMC2/BSP_HDMI_out_TE0820_4EV/2023.2/software/baremetal_classic/EMC2_HDMI_out_plat/export/EMC2_HDMI_out_plat/sw/EMC2_HDMI_out_plat/standalone_domain/bspinclude/include -MMD -MP -MF"src/xfsbl_tpm.d" -MT"src/xfsbl_tpm.o" -o "src/xfsbl_tpm.o" "../src/xfsbl_tpm.c"
In file included from /home/sundance/Emilie_Projects/git/EMC2/BSP_HDMI_out_TE0820_4EV/2023.2/software/baremetal_classic/EMC2_HDMI_out_plat/export/EMC2_HDMI_out_plat/sw/EMC2_HDMI_out_plat/standalone_domain/bspinclude/include/xil_types.h:51,
                 from /home/sundance/Emilie_Projects/git/EMC2/BSP_HDMI_out_TE0820_4EV/2023.2/software/baremetal_classic/EMC2_HDMI_out_plat/export/EMC2_HDMI_out_plat/sw/EMC2_HDMI_out_plat/standalone_domain/bspinclude/include/xil_io.h:49,
                 from ../src/xfsbl_hw.h:48,
                 from ../src/xfsbl_tpm.c:29:
/home/sundance/Emilie_Projects/git/EMC2/BSP_HDMI_out_TE0820_4EV/2023.2/software/baremetal_classic/EMC2_HDMI_out_plat/export/EMC2_HDMI_out_plat/sw/EMC2_HDMI_out_plat/standalone_domain/bspinclude/include/xparameters.h:26:9: warning: ISO C99 requires whitespace after the macro name
   26 | #define XPS_BOARD_EMC2-DP_TE0820_4EV_1E
      |         ^~~~~~~~~~~~~~
Finished building: ../src/xfsbl_tpm.c
 
Building file: ../src/xfsbl_tpm_util.c
Invoking: ARM v8 gcc compiler
aarch64-none-elf-gcc -DARMA53_64 -Wall -O0 -g3 -c -fmessage-length=0 -MT"src/xfsbl_tpm_util.o" -Os -flto -ffat-lto-objects -I/home/sundance/Emilie_Projects/git/EMC2/BSP_HDMI_out_TE0820_4EV/2023.2/software/baremetal_classic/EMC2_HDMI_out_plat/export/EMC2_HDMI_out_plat/sw/EMC2_HDMI_out_plat/standalone_domain/bspinclude/include -MMD -MP -MF"src/xfsbl_tpm_util.d" -MT"src/xfsbl_tpm_util.o" -o "src/xfsbl_tpm_util.o" "../src/xfsbl_tpm_util.c"
In file included from /home/sundance/Emilie_Projects/git/EMC2/BSP_HDMI_out_TE0820_4EV/2023.2/software/baremetal_classic/EMC2_HDMI_out_plat/export/EMC2_HDMI_out_plat/sw/EMC2_HDMI_out_plat/standalone_domain/bspinclude/include/xil_types.h:51,
                 from /home/sundance/Emilie_Projects/git/EMC2/BSP_HDMI_out_TE0820_4EV/2023.2/software/baremetal_classic/EMC2_HDMI_out_plat/export/EMC2_HDMI_out_plat/sw/EMC2_HDMI_out_plat/standalone_domain/bspinclude/include/xil_io.h:49,
                 from ../src/xfsbl_hw.h:48,
                 from ../src/xfsbl_tpm_util.c:28:
/home/sundance/Emilie_Projects/git/EMC2/BSP_HDMI_out_TE0820_4EV/2023.2/software/baremetal_classic/EMC2_HDMI_out_plat/export/EMC2_HDMI_out_plat/sw/EMC2_HDMI_out_plat/standalone_domain/bspinclude/include/xparameters.h:26:9: warning: ISO C99 requires whitespace after the macro name
   26 | #define XPS_BOARD_EMC2-DP_TE0820_4EV_1E
      |         ^~~~~~~~~~~~~~
Finished building: ../src/xfsbl_tpm_util.c
 
Building file: ../src/xfsbl_usb.c
Invoking: ARM v8 gcc compiler
aarch64-none-elf-gcc -DARMA53_64 -Wall -O0 -g3 -c -fmessage-length=0 -MT"src/xfsbl_usb.o" -Os -flto -ffat-lto-objects -I/home/sundance/Emilie_Projects/git/EMC2/BSP_HDMI_out_TE0820_4EV/2023.2/software/baremetal_classic/EMC2_HDMI_out_plat/export/EMC2_HDMI_out_plat/sw/EMC2_HDMI_out_plat/standalone_domain/bspinclude/include -MMD -MP -MF"src/xfsbl_usb.d" -MT"src/xfsbl_usb.o" -o "src/xfsbl_usb.o" "../src/xfsbl_usb.c"
In file included from /home/sundance/Emilie_Projects/git/EMC2/BSP_HDMI_out_TE0820_4EV/2023.2/software/baremetal_classic/EMC2_HDMI_out_plat/export/EMC2_HDMI_out_plat/sw/EMC2_HDMI_out_plat/standalone_domain/bspinclude/include/xil_types.h:51,
                 from /home/sundance/Emilie_Projects/git/EMC2/BSP_HDMI_out_TE0820_4EV/2023.2/software/baremetal_classic/EMC2_HDMI_out_plat/export/EMC2_HDMI_out_plat/sw/EMC2_HDMI_out_plat/standalone_domain/bspinclude/include/xil_io.h:49,
                 from ../src/xfsbl_hw.h:48,
                 from ../src/xfsbl_usb.c:32:
/home/sundance/Emilie_Projects/git/EMC2/BSP_HDMI_out_TE0820_4EV/2023.2/software/baremetal_classic/EMC2_HDMI_out_plat/export/EMC2_HDMI_out_plat/sw/EMC2_HDMI_out_plat/standalone_domain/bspinclude/include/xparameters.h:26:9: warning: ISO C99 requires whitespace after the macro name
   26 | #define XPS_BOARD_EMC2-DP_TE0820_4EV_1E
      |         ^~~~~~~~~~~~~~
Finished building: ../src/xfsbl_usb.c
 
Building target: fsbl.elf
Invoking: ARM v8 gcc linker
aarch64-none-elf-gcc -n -Wl,-T -Wl,../src/lscript.ld -L/home/sundance/Emilie_Projects/git/EMC2/BSP_HDMI_out_TE0820_4EV/2023.2/software/baremetal_classic/EMC2_HDMI_out_plat/export/EMC2_HDMI_out_plat/sw/EMC2_HDMI_out_plat/standalone_domain/bsplib/lib -o "fsbl.elf" ./src/psu_init.o ./src/xfsbl_authentication.o ./src/xfsbl_board.o ./src/xfsbl_bs.o ./src/xfsbl_csu_dma.o ./src/xfsbl_ddr_init.o ./src/xfsbl_dfu_util.o ./src/xfsbl_exit.o ./src/xfsbl_handoff.o ./src/xfsbl_hooks.o ./src/xfsbl_image_header.o ./src/xfsbl_initialization.o ./src/xfsbl_main.o ./src/xfsbl_misc.o ./src/xfsbl_misc_drivers.o ./src/xfsbl_nand.o ./src/xfsbl_partition_load.o ./src/xfsbl_plpartition_valid.o ./src/xfsbl_qspi.o ./src/xfsbl_rsa_sha.o ./src/xfsbl_sd.o ./src/xfsbl_tpm.o ./src/xfsbl_tpm_util.o ./src/xfsbl_translation_table.o ./src/xfsbl_usb.o   -Wl,--start-group,-lxil,-lgcc,-lc,--end-group -Wl,--start-group,-lxilpm,-lxil,-lgcc,-lc,--end-group -Wl,--start-group,-lxilsecure,-lxil,-lgcc,-lc,--end-group -Wl,--start-group,-lxilffs,-lxil,-lgcc,-lc,--end-group
Finished building target: fsbl.elf
 
Invoking: ARM v8 Print Size
aarch64-none-elf-size fsbl.elf  |tee "fsbl.elf.size"
   text	   data	    bss	    dec	    hex	filename
 116300	   7160	  78136	 201596	  3137c	fsbl.elf
Finished building: fsbl.elf.size
 
